border_size=1
usage=map

_off^_usr   , _off^_usr   , _off^_usr   , _off^_usr   , _off^_usr   , _off^_usr   , _off^_usr   , _off^_usr   , _off^_usr   , _off^_usr   , _off^_usr   , _off^_usr   , _off^_usr   , _off^_usr   , _off^_usr   , _off^_usr   , _off^_usr   , _off^_usr   , _off^_usr   , _off^_usr   , _off^_usr   , _off^_usr   , _off^_usr   , _off^_usr   , _off^_usr   , _off^_usr   , _off^_usr   , _off^_usr   , _off^_usr   , _off^_usr   , _off^_usr   , _off^_usr   , _off^_usr   , _off^_usr   , _off^_usr   , _off^_usr   , _off^_usr   , _off^_usr   , _off^_usr   , _off^_usr   , _off^_usr   , _off^_usr   , _off^_usr   , _off^_usr   , _off^_usr   , _off^_usr   , _off^_usr   , _off^_usr   , _off^_usr   , _off^_usr   , _off^_usr   , _off^_usr   
_off^_usr   , _off^_usr   , _off^_usr   , _off^_usr   , _off^_usr   , _off^_usr   , _off^_usr   , _off^_usr   , _off^_usr   , _off^_usr   , _off^_usr   , _off^_usr   , _off^_usr   , _off^_usr   , _off^_usr   , _off^_usr   , _off^_usr   , _off^_usr   , _off^_usr   , _off^_usr   , _off^_usr   , _off^_usr   , _off^_usr   , _off^_usr   , _off^_usr   , _off^_usr   , _off^_usr   , _off^_usr   , _off^_usr   , _off^_usr   , _off^_usr   , _off^_usr   , _off^_usr   , _off^_usr   , _off^_usr   , _off^_usr   , _off^_usr   , _off^_usr   , _off^_usr   , _off^_usr   , _off^_usr   , _off^_usr   , _off^_usr   , _off^_usr   , _off^_usr   , _off^_usr   , _off^_usr   , _off^_usr   , _off^_usr   , _off^_usr   , _off^_usr   , _off^_usr   
_off^_usr   , _off^_usr   , _off^_usr   , _off^_usr   , _off^_usr   , _off^_usr   , _off^_usr   , _off^_usr   , _off^_usr   , _off^_usr   , _off^_usr   , _off^_usr   , _off^_usr   , _off^_usr   , _off^_usr   , _off^_usr   , _off^_usr   , _off^_usr   , _off^_usr   , _off^_usr   , _off^_usr   , _off^_usr   , _off^_usr   , _off^_usr   , _off^_usr   , _off^_usr   , _off^_usr   , _off^_usr   , _off^_usr   , _off^_usr   , _off^_usr   , _off^_usr   , _off^_usr   , _off^_usr   , _off^_usr   , _off^_usr   , _off^_usr   , _off^_usr   , _off^_usr   , _off^_usr   , _off^_usr   , _off^_usr   , _off^_usr   , _off^_usr   , _off^_usr   , _off^_usr   , _off^_usr   , _off^_usr   , _off^_usr   , _off^_usr   , _off^_usr   , _off^_usr   
_off^_usr   , _off^_usr   , _off^_usr   , _off^_usr   , _off^_usr   , _off^_usr   , _off^_usr   , _off^_usr   , _off^_usr   , _off^_usr   , _off^_usr   , _off^_usr   , _off^_usr   , _off^_usr   , _off^_usr   , _off^_usr   , _off^_usr   , _off^_usr   , _off^_usr   , _off^_usr   , _off^_usr   , _off^_usr   , _off^_usr   , _off^_usr   , Gg          , Gg          , Gg          , _off^_usr   , _off^_usr   , _off^_usr   , _off^_usr   , _off^_usr   , _off^_usr   , _off^_usr   , _off^_usr   , _off^_usr   , _off^_usr   , _off^_usr   , _off^_usr   , _off^_usr   , _off^_usr   , _off^_usr   , _off^_usr   , _off^_usr   , _off^_usr   , _off^_usr   , _off^_usr   , _off^_usr   , _off^_usr   , _off^_usr   , _off^_usr   , _off^_usr   
_off^_usr   , _off^_usr   , _off^_usr   , _off^_usr   , _off^_usr   , _off^_usr   , _off^_usr   , _off^_usr   , _off^_usr   , _off^_usr   , _off^_usr   , _off^_usr   , _off^_usr   , _off^_usr   , _off^_usr   , _off^_usr   , _off^_usr   , _off^_usr   , _off^_usr   , _off^_usr   , _off^_usr   , _off^_usr   , Gg          , Gg          , Gg          , Gg          , Gg          , Gg          , Gg          , _off^_usr   , _off^_usr   , _off^_usr   , _off^_usr   , _off^_usr   , _off^_usr   , _off^_usr   , _off^_usr   , _off^_usr   , _off^_usr   , _off^_usr   , _off^_usr   , _off^_usr   , _off^_usr   , _off^_usr   , _off^_usr   , _off^_usr   , _off^_usr   , _off^_usr   , _off^_usr   , _off^_usr   , _off^_usr   , _off^_usr   
_off^_usr   , _off^_usr   , _off^_usr   , _off^_usr   , _off^_usr   , _off^_usr   , _off^_usr   , _off^_usr   , _off^_usr   , _off^_usr   , _off^_usr   , _off^_usr   , _off^_usr   , _off^_usr   , _off^_usr   , _off^_usr   , _off^_usr   , _off^_usr   , _off^_usr   , _off^_usr   , Gd          , Gd          , Gg          , Gg          , Ch          , 1 Kh        , Ch          , Gg          , Gg          , Gg          , Gg          , _off^_usr   , _off^_usr   , _off^_usr   , _off^_usr   , _off^_usr   , _off^_usr   , _off^_usr   , _off^_usr   , _off^_usr   , _off^_usr   , _off^_usr   , _off^_usr   , _off^_usr   , _off^_usr   , _off^_usr   , _off^_usr   , _off^_usr   , _off^_usr   , _off^_usr   , _off^_usr   , _off^_usr   
_off^_usr   , _off^_usr   , _off^_usr   , _off^_usr   , _off^_usr   , _off^_usr   , _off^_usr   , _off^_usr   , _off^_usr   , _off^_usr   , _off^_usr   , _off^_usr   , _off^_usr   , _off^_usr   , _off^_usr   , _off^_usr   , _off^_usr   , _off^_usr   , Gs^Fp       , Gd          , Gd          , Gd          , Gd          , Gg          , Ch          , Gg          , Ch          , Gg          , Gd          , Gd          , Gg          , Gg          , Gs^Fp       , _off^_usr   , _off^_usr   , _off^_usr   , _off^_usr   , _off^_usr   , _off^_usr   , _off^_usr   , _off^_usr   , _off^_usr   , _off^_usr   , _off^_usr   , _off^_usr   , _off^_usr   , _off^_usr   , _off^_usr   , _off^_usr   , _off^_usr   , _off^_usr   , _off^_usr   
_off^_usr   , _off^_usr   , _off^_usr   , _off^_usr   , _off^_usr   , _off^_usr   , _off^_usr   , _off^_usr   , _off^_usr   , _off^_usr   , _off^_usr   , _off^_usr   , _off^_usr   , _off^_usr   , _off^_usr   , _off^_usr   , Ww          , Gs^Fp       , Gs^Fp       , Gd          , Gd          , Gd          , Gd          , Gg          , Gg          , Gg          , Gg          , Gg          , Gd          , Gd          , Gd          , Gg          , Gs^Fp       , Gs^Fp       , Ww          , _off^_usr   , _off^_usr   , _off^_usr   , _off^_usr   , _off^_usr   , _off^_usr   , _off^_usr   , _off^_usr   , _off^_usr   , _off^_usr   , _off^_usr   , _off^_usr   , _off^_usr   , _off^_usr   , _off^_usr   , _off^_usr   , _off^_usr   
_off^_usr   , _off^_usr   , _off^_usr   , _off^_usr   , _off^_usr   , _off^_usr   , _off^_usr   , _off^_usr   , _off^_usr   , _off^_usr   , _off^_usr   , _off^_usr   , _off^_usr   , _off^_usr   , Gll^Fp      , Gs^Fp       , Ww          , Gs^Fp       , Gs^Fp       , Gs^Fp       , Gg          , Gd          , Gg          , Gg          , Gg          , Gg          , Gg          , Gg          , Gg          , Gg          , Gg          , Gs^Fp       , Gs^Fp       , Gs^Fp       , Ww          , Gs^Fp       , Gs^Fp       , _off^_usr   , _off^_usr   , _off^_usr   , _off^_usr   , _off^_usr   , _off^_usr   , _off^_usr   , _off^_usr   , _off^_usr   , _off^_usr   , _off^_usr   , _off^_usr   , _off^_usr   , _off^_usr   , _off^_usr   
_off^_usr   , _off^_usr   , _off^_usr   , _off^_usr   , _off^_usr   , _off^_usr   , _off^_usr   , _off^_usr   , _off^_usr   , _off^_usr   , _off^_usr   , _off^_usr   , Gll^Fp      , Gll^Fp      , Gs^Fp       , Gs^Fp       , Ww          , Gs^Fp       , Ww          , Gs^Fp       , Gg          , Gg          , Ce          , Gg          , Ce          , Gg          , Ce          , Gg          , Ce          , Gg          , Gg          , Gs^Fp       , Ww          , Gs^Fp       , Ww          , Gs^Fp       , Gs^Fp       , Gs^Fp       , Gs^Fp       , _off^_usr   , _off^_usr   , _off^_usr   , _off^_usr   , _off^_usr   , _off^_usr   , _off^_usr   , _off^_usr   , _off^_usr   , _off^_usr   , _off^_usr   , _off^_usr   , _off^_usr   
_off^_usr   , _off^_usr   , _off^_usr   , _off^_usr   , _off^_usr   , _off^_usr   , _off^_usr   , _off^_usr   , _off^_usr   , _off^_usr   , Gll^Fp      , Gll^Fp      , Gs^Fp       , Gll^Fp      , Gs^Fp       , Gs^Fp       , Gs^Fp       , Ww          , Gs^Fp       , Ww          , Ww          , Ww          , Ww          , Ce          , Gg          , Gg          , Gd          , Ce          , Ww          , Ww          , Ww          , Ww          , Gs^Fp       , Ww          , Gs^Fp       , Gs^Fp       , Gs^Fp       , Gs^Fp       , Gs^Fp       , Gs^Fp       , Gs^Fp       , _off^_usr   , _off^_usr   , _off^_usr   , _off^_usr   , _off^_usr   , _off^_usr   , _off^_usr   , _off^_usr   , _off^_usr   , _off^_usr   , _off^_usr   
_off^_usr   , _off^_usr   , _off^_usr   , _off^_usr   , _off^_usr   , _off^_usr   , _off^_usr   , _off^_usr   , Gll^Fp      , Gll^Fp      , Gll^Fdf     , Gll^Fmf     , Gs^Fmf      , Gll^Fmf     , Gs^Fp       , Gs^Fp       , Gs^Fp       , Gs^Fp       , Gll         , Gll         , Gg          , Gg          , Ww          , Gg          , Gg          , Gd          , Gd          , Gd          , Ww          , Gg          , Gg          , Gg          , Gll         , Gll^Fp      , Gll^Fp      , Gs^Fp       , Gll^Fp      , Gll^Fp      , Gll^Fp      , Gs^Fp       , Gs^Fp       , Gs^Fp       , Gs^Fp       , _off^_usr   , _off^_usr   , _off^_usr   , _off^_usr   , _off^_usr   , _off^_usr   , _off^_usr   , _off^_usr   , _off^_usr   
_off^_usr   , _off^_usr   , _off^_usr   , _off^_usr   , _off^_usr   , _off^_usr   , Gll^Fp      , Gll^Fp      , Gll^Fp      , Gll^Fmf     , Gll^Fdf     , Gll^Fdf     , Gll^Fp      , Gll^Fp      , Gll^Fp      , Gs^Fp       , Gll^Fp      , Gs^Fp       , Gll         , Gg          , Gg          , Gg          , Ww          , Gg          , Gs^Fp       , Gg          , Gs^Fp       , Gg          , Ww          , Gg          , Gg          , Gg          , Gg          , Gll^Fp      , Gs^Fp       , Gll^Fp      , Gs^Fp       , Gll^Fp      , Gll^Fp      , Gll^Fp      , Gll^Fmf     , Gs^Fp       , Gs^Fp       , Gs^Fp       , Gs^Fp       , _off^_usr   , _off^_usr   , _off^_usr   , _off^_usr   , _off^_usr   , _off^_usr   , _off^_usr   
_off^_usr   , _off^_usr   , _off^_usr   , _off^_usr   , Ch          , Gs^Fms      , Gs^Fms      , Gll^Fp      , Gs^Fp       , Gll^Fp      , Gll^Fp      , Gll^Fdf     , Gll^Fp      , Gll^Fp      , Gll^Fp      , Gll^Fp      , Gll^Fp      , Gll^Fp      , Gll         , Gg          , Gg          , Ww          , Gg          , Gg          , Gs^Fp       , Gg          , Gs^Fp       , Gg          , Gg          , Ww          , Gg          , Gg          , Gg          , Gs^Fp       , Gs^Fp       , Gs^Fp       , Gs^Fp       , Gll^Fp      , Gll^Fp      , Gll^Fp      , Gs^Fmf      , Gll^Fmf     , Gs^Fmf      , Gs^Fp       , Gs^Fp       , Gs^Fp       , Ch          , _off^_usr   , _off^_usr   , _off^_usr   , _off^_usr   , _off^_usr   
_off^_usr   , _off^_usr   , _off^_usr   , Kh          , Gs^Fms      , Gs^Fms      , Gs^Fms      , Gll^Fp      , Gll^Fmf     , Gs^Fp       , Gll^Fp      , Gll^Fp      , Gll^Fp      , Gll^Fp      , Gg          , Gll^Fp      , Gg          , Gll         , Gg          , Gg          , Gg          , Ww          , Gg          , Gg          , Gs^Fp       , Gs^Fp       , Gs^Fp       , Gg          , Gg          , Ww          , Gg          , Gd          , Gd          , Gg          , Gg          , Gs^Fp       , Gg          , Gll^Fp      , Gll^Fp      , Gll^Fp      , Gll^Fp      , Gll^Fp      , Gll^Fmf     , Gs^Fp       , Gs^Fp       , Gs^Fp       , Gs^Fp       , Kh          , _off^_usr   , _off^_usr   , _off^_usr   , _off^_usr   
_off^_usr   , _off^_usr   , _off^_usr   , Ch          , Gs^Fms      , Gs^Fms      , Gs^Fms      , Gs^Fms      , Gll^Fmf     , Gll^Fmf     , Gll^Fp      , Gll^Fp      , Gs^Fds      , Gg          , Gg          , Gg          , Gg          , Gg          , Gg          , Gg          , Ww          , Ww          , Gg          , Gs^Fp       , Gs^Fp       , Gs^Fp       , Gs^Fp       , Gs^Fp       , Gg          , Ww          , Ww          , Gd          , Gd          , Gg          , Gg          , Gg          , Gg          , Gg          , Gll^Fp      , Gll^Fp      , Gll^Fp      , Gs^Fp       , Gll^Fp      , Gs^Fmf      , Gs^Fp       , Gs^Fp       , Gs^Fp       , Ch          , _off^_usr   , _off^_usr   , _off^_usr   , _off^_usr   
_off^_usr   , _off^_usr   , _off^_usr   , Gs^Fds      , Gs^Fms      , Gs^Fms      , Gs^Fms      , Gs^Fmf      , Gs^Fmf      , Gll^Fp      , Gs^Fds      , Gs^Fds      , Gg          , Gg          , Hh          , Hh          , Hh          , Gg          , Gg          , Gg          , Ww          , Gg          , Gg          , Gg          , Gg          , Gs^Fp       , Gg          , Gg          , Gg          , Gg          , Ww          , Gd          , Gd          , Gg          , Hh          , Hh          , Ha          , Gg          , Gg          , Gll^Fp      , Gs^Fp       , Gs^Fp       , Gs^Fp       , Gs^Fmf      , Gs^Fp       , Gs^Fp       , Gs^Fp       , Gs^Fp       , _off^_usr   , _off^_usr   , _off^_usr   , _off^_usr   
_off^_usr   , _off^_usr   , _off^_usr   , Gs^Fms      , Gs^Fds      , Gs^Fds      , Gs^Fds      , Gs^Fmf      , Gs^Fds      , Gs^Fds      , Gs^Fds      , Gg          , Gg          , Hh          , Mm          , Mm          , Mm          , Hh          , Gd          , Gd          , Gg          , Ww          , Ww          , Gg          , Gg          , Gg          , Gg          , Gg          , Ww          , Ww          , Gg          , Gd          , Gg          , Hh          , Ms          , Ms          , Ms          , Hh          , Gg          , Gg          , Gs^Fp       , Gs^Fp       , Gs^Fp       , Gs^Fp       , Gs^Fp       , Gs^Fp       , Gs^Fp       , Gs^Fp       , _off^_usr   , _off^_usr   , _off^_usr   , _off^_usr   
_off^_usr   , _off^_usr   , _off^_usr   , Gs^Fds      , Gs^Fds      , Gs^Fds      , Gs^Fmf      , Gs^Fds      , Gs^Fms      , Gs^Fds      , Gg          , Gg          , Ce          , Hh          , Mm          , Mm          , Hh          , Hh          , Gd          , Gd          , Gd          , Gd          , Ww          , Gg          , Ww          , Gg          , Ww          , Gg          , Ww          , Gg          , Gg          , Gg          , Gg          , Hh          , Hh          , Ms          , Ms          , Ha          , Ce          , Gg          , Gg          , Gs^Fp       , Gs^Fp       , Gs^Fp       , Gll^Fp      , Gs^Fp       , Gll^Fp      , Gll^Fp      , _off^_usr   , _off^_usr   , _off^_usr   , _off^_usr   
_off^_usr   , _off^_usr   , _off^_usr   , Gs^Fmf      , Gll^Fms     , Gs^Fmf      , Gs^Fmf      , Gs^Fms      , Gs^Fms      , Gs^Fds      , Gg          , Gg          , Hh          , Hh          , Mm          , Mm          , Hh          , Ce          , Gd          , Gd          , Gg          , Gg          , Ww          , Gg          , Ww          , Ww          , Ww          , Gg          , Ww          , Gg          , Gg          , Gg          , Gg          , Ce          , Hh          , Ms          , Ms          , Ha          , Hh          , Gg          , Gg          , Gs^Fp       , Gs^Fp       , Gs^Fp       , Gll^Fp      , Gs^Fp       , Gll^Fp      , Gll^Fp      , _off^_usr   , _off^_usr   , _off^_usr   , _off^_usr   
_off^_usr   , _off^_usr   , _off^_usr   , Gs^Fms      , Gs^Fms      , Gs^Fms      , Gll^Fmf     , Gs^Fms      , Gs^Fms      , Gs^Fms      , Gg          , Hh          , Mm          , Mm          , Mm          , Mm          , Hh          , Gg          , Gd          , Gd          , Ww          , Ww          , Wog         , Ww          , Wog         , Wog         , Wog         , Ww          , Wog         , Ww          , Ww          , Gg          , Gg          , Gg          , Hh          , Mm          , Mm          , Mm          , Mm          , Hh          , Gg          , Gs^Fp       , Gs^Fp       , Gs^Fp       , Gll^Fmf     , Gll^Fmf     , Gll^Fmf     , Gs^Fmf      , _off^_usr   , _off^_usr   , _off^_usr   , _off^_usr   
_off^_usr   , _off^_usr   , _off^_usr   , Gs^Fms      , Gs^Fms      , Gs^Fms      , Gs^Fms      , Gs^Fms      , Gs^Fms      , Gs^Fms      , Gg          , Hh          , Mm          , Mm          , Hh          , Hh          , Gg          , Gg          , Gd          , Gg          , Ww          , Wog         , Ww          , Ww          , Ww          , Ww          , Ww          , Ww          , Ww          , Wog         , Ww          , Gg          , Gg          , Gg          , Gg          , Hh          , Hh          , Mm          , Mm          , Hh          , Gg          , Gg          , Gs^Fp       , Gll^Fp      , Gll^Fdf     , Gll^Fmf     , Gs^Fmf      , Gs^Fmf      , _off^_usr   , _off^_usr   , _off^_usr   , _off^_usr   
_off^_usr   , _off^_usr   , _off^_usr   , Gs^Fds      , Gs^Fms      , Gs^Fms      , Gs^Fms      , Gs^Fms      , Gs^Fds      , Gll         , Gll         , Hh          , Hh          , Mm          , Hh          , Ce          , Gg          , Gg          , Gg          , Ww          , Wog         , Wog         , Ww          , Gd          , Gd          , Gd          , Gd          , Gg          , Ww          , Wog         , Wog         , Ww          , Gg          , Gll         , Gll         , Ce          , Hh          , Mm          , Hh          , Hh          , Gg          , Gg          , Gs^Fp       , Gll^Fp      , Gll^Fp      , Gll^Fdf     , Gs^Fmf      , Gs^Fmf      , _off^_usr   , _off^_usr   , _off^_usr   , _off^_usr   
_off^_usr   , _off^_usr   , _off^_usr   , Gs^Fds      , Gs^Fms      , Gs^Fds      , Gs^Fds      , Gs^Fms      , Gs^Fds      , Gll         , Gll         , Gll         , Gg          , Hh          , Gg          , Gg          , Gg          , Gg          , Ww          , Ww          , Wog         , Ww          , Gs          , Gd          , Ch          , Gs          , Ch          , Gg          , Gg          , Ww          , Wog         , Ww          , Ww          , Gll         , Gll         , Gll         , Gg          , Hh          , Gg          , Gg          , Gg          , Gs^Fp       , Gs^Fp       , Gll^Fp      , Gll^Fp      , Gll^Fdf     , Gs^Fmf      , Gs^Fmf      , _off^_usr   , _off^_usr   , _off^_usr   , _off^_usr   
_off^_usr   , _off^_usr   , _off^_usr   , Gs^Fms      , Gs^Fms      , Gs^Fms      , Gs^Fms      , Gs^Fds      , Gs^Fds      , Gs^Fds      , Gll         , Gll         , Gg          , Gg          , Gg          , Gg          , Gg          , Gg          , Ww          , Wog         , Ww          , Ww          , Gs          , Gs          , Gd          , Ch          , Gg          , Gg          , Gg          , Ww          , Ww          , Wog         , Ww          , Gg          , Gg          , Gll         , Gg          , Gg          , Gg          , Gg          , Gg          , Gs^Fp       , Gs^Fp       , Gs^Fp       , Gs^Fp       , Gll^Fdf     , Gs^Fp       , Gs^Fp       , _off^_usr   , _off^_usr   , _off^_usr   , _off^_usr   
_off^_usr   , _off^_usr   , _off^_usr   , Gs^Fms      , Gs^Fms      , Gs^Fms      , Gs^Fms      , Gs^Fms      , Gs^Fms      , Gs^Fds      , Gll         , Gll         , Gll         , Gg          , Ww          , Gg          , Gg          , Gg          , Ww          , Wog         , Ww          , Gs          , Gs          , Ch          , Ch          , Kh          , Ch          , Ch          , Gg          , Gg          , Ww          , Wog         , Ww          , Gg          , Gg          , Gg          , Ww          , Gg          , Gg          , Gd          , Gd          , Gs^Fp       , Gs^Fp       , Gs^Fp       , Gs^Fp       , Gs^Fp       , Gs^Fp       , Gs^Fp       , _off^_usr   , _off^_usr   , _off^_usr   , _off^_usr   
_off^_usr   , _off^_usr   , _off^_usr   , Gs^Fms      , Ww          , Ww          , Ww          , Gs^Fms      , Gll         , Gll         , Gg          , Gll         , Gg          , Ww          , Gg          , Ww          , Ww          , Ww          , Gg          , Ww          , Wog         , Ww          , Gs          , Gll         , Ch          , Gs          , Ch          , Gll         , Gll         , Ww          , Wog         , Ww          , Gg          , Ww          , Ww          , Ww          , Gg          , Ww          , Gg          , Gg          , Gd          , Gg          , Gg          , Gs^Fp       , Ww          , Ww          , Ww          , Gs^Fp       , _off^_usr   , _off^_usr   , _off^_usr   , _off^_usr   
_off^_usr   , _off^_usr   , _off^_usr   , Ww          , Gs^Fds      , Gs^Fds      , Ww          , Gs^Fms      , Gll         , Gll         , Gll         , Gll         , Ww          , Ww          , Gs          , Gg          , Gs          , Gs          , Ww          , Ww          , Wog         , Ww          , Ww          , Gll         , Gll         , Gll         , Gll         , Gd          , Ww          , Ww          , Wog         , Ww          , Ww          , Gg          , Gg          , Gg          , Gg          , Ww          , Ww          , Gg          , Gg          , Gg          , Gg          , Gs^Fp       , Ww          , Gs^Fp       , Gs^Fp       , Ww          , _off^_usr   , _off^_usr   , _off^_usr   , _off^_usr   
_off^_usr   , _off^_usr   , _off^_usr   , Gs^Fds      , Gs^Fds      , Gs^Fds      , Gs^Fds      , Ww          , Ww          , Gll         , Gll         , Ww          , Gs          , Gs          , Gs^Fds      , Gs          , Gd          , Gd          , Gs          , Ww          , Ww          , Wog         , Ww          , Gs          , Ww          , Gll         , Ww          , Gll         , Ww          , Wog         , Ww          , Ww          , Gg          , Gg          , Gg          , Gg          , Gs^Fp       , Gg          , Gg          , Ww          , Gg          , Gg          , Ww          , Ww          , Gs^Fp       , Gs^Fp       , Gll^Fp      , Gs^Fp       , _off^_usr   , _off^_usr   , _off^_usr   , _off^_usr   
_off^_usr   , _off^_usr   , _off^_usr   , Gs^Fds      , Gg          , Gs^Fds      , Gs          , Gs          , Ww          , Gll         , Ww          , Ww          , Gg          , Gg          , Gs^Fds      , Gs^Fds      , Gs^Fds      , Gd          , Gd          , Ww          , Gg          , Ww          , Wog         , Ww          , Wog         , Ww          , Wog         , Ww          , Wog         , Ww          , Gg          , Ww          , Gg          , Gg          , Gs^Fp       , Gs^Fp       , Gs^Fp       , Gg          , Gg          , Ww          , Ww          , Gg          , Ww          , Gg          , Gg          , Gs^Fp       , Gg          , Gs^Fp       , _off^_usr   , _off^_usr   , _off^_usr   , _off^_usr   
_off^_usr   , _off^_usr   , _off^_usr   , Gs          , Gs          , Gs          , Gs          , Gs          , Ce          , Ww          , Gs          , Gg          , Gs^Fds      , Gs^Fds      , Gs^Fds      , Gs^Fds      , Gs^Fds      , Gd          , Gg          , Gg          , Ww          , Ww          , Ww          , Wog         , Ww          , Wog         , Ww          , Wog         , Ww          , Ww          , Ww          , Gg          , Gg          , Gg          , Gs^Fp       , Gs^Fp       , Gs^Fp       , Gs^Fp       , Gll^Fp      , Gg          , Gg          , Ww          , Ce          , Gg          , Gd          , Gg          , Gg          , Gg          , _off^_usr   , _off^_usr   , _off^_usr   , _off^_usr   
_off^_usr   , _off^_usr   , _off^_usr   , Gs          , Gs          , Gs          , Gs          , Gs          , Gg          , Ce          , Gs          , Gs          , Gs          , Gs          , Gs^Fds      , Gs^Fds      , Gs^Fds      , Gg          , Gg          , Ww          , Gg          , Gg          , Gg          , Ww          , Gg          , Ww          , Gg          , Ww          , Gg          , Gg          , Gg          , Ww          , Gg          , Gg          , Gs^Fp       , Gs^Fp       , Gs^Fp       , Gd          , Gd          , Gd          , Gg          , Ce          , Gg          , Gg          , Gd          , Gd          , Gg          , Gg          , _off^_usr   , _off^_usr   , _off^_usr   , _off^_usr   
_off^_usr   , _off^_usr   , _off^_usr   , Gs          , Gs          , Gs          , Gg          , Gs          , Gs          , Ce          , Gs          , Gs          , Gs          , Gs^Fds      , Gs          , Gs          , Gs          , Gg          , Gg          , Ww          , Gg          , Gg          , Gg          , Gg          , Gg          , Gg          , Gd          , Gd          , Gd          , Gg          , Gg          , Ww          , Gg          , Gg          , Gg          , Gg          , Gg          , Gs^Fp       , Gg          , Gg          , Gg          , Ce          , Gg          , Gg          , Gg          , Gg          , Gg          , Gg          , _off^_usr   , _off^_usr   , _off^_usr   , _off^_usr   
_off^_usr   , _off^_usr   , _off^_usr   , Gg          , Gg          , Gs          , Ch          , Gg          , Gs          , Gs          , Ce          , Gs          , Gs          , Gs          , Ww          , Gs          , Ww          , Ww          , Ww          , Ww          , Gd          , Gg          , Gg          , Gg          , Gg          , Gd          , Gd          , Gd          , Gd          , Gd          , Gd          , Ww          , Ww          , Ww          , Ww          , Gg          , Ww          , Gg          , Gg          , Gg          , Ce          , Gg          , Gg          , Gg          , Ch          , Gg          , Gg          , Gg          , _off^_usr   , _off^_usr   , _off^_usr   , _off^_usr   
_off^_usr   , _off^_usr   , _off^_usr   , Gg          , Gg          , Ch          , Gg          , Gs          , Gg          , Gg          , Gg          , Ce          , Ww          , Ww          , Gd          , Ww          , Gd          , Gd          , Gd          , Gd          , Gd          , Gd          , Hh          , Ce          , Hh          , Hh          , Hh          , Ce          , Hh          , Gd          , Gll         , Gd          , Gd          , Gd          , Gd          , Ww          , Gd          , Ww          , Ww          , Ce          , Gg          , Gg          , Gg          , Gg          , Gg          , Ch          , Gg          , Gg          , _off^_usr   , _off^_usr   , _off^_usr   , _off^_usr   
_off^_usr   , _off^_usr   , _off^_usr   , Gg          , Gg          , 2 Kh        , Ch          , Ch          , Gs          , Gg          , Gg          , Ce          , Ww          , Gd          , Gd          , Gd          , Gd          , Gd          , Gd          , Gd          , Gll         , Hh          , Mm          , Hh          , Mm          , Mm          , Mm          , Hh          , Mm          , Hh          , Gll         , Gll         , Gll         , Gd          , Gll         , Gd          , Gd          , Gd          , Ww          , Ce          , Gg          , Gg          , Gg          , Ch          , Ch          , 3 Kh        , Gg          , Gg          , _off^_usr   , _off^_usr   , _off^_usr   , _off^_usr   
_off^_usr   , _off^_usr   , _off^_usr   , Gg          , Gg          , Gg          , Gg          , Gg          , Gs          , Gs          , Gs          , Gs          , Gs          , Ww          , Gd          , Gd          , Gll         , Gd          , Gll         , Gd          , Gll         , Hh          , Mm          , Mm          , Mm          , Mm          , Mm          , Mm          , Mm          , Hh          , Gll         , Gll         , Gll         , Gll         , Gll         , Gll         , Gll         , Ww          , Gg          , Gg          , Gd          , Gg          , Gd          , Gg          , Gg          , Gg          , Gg          , Gg          , _off^_usr   , _off^_usr   , _off^_usr   , _off^_usr   
_off^_usr   , _off^_usr   , _off^_usr   , _off^_usr   , _off^_usr   , Gs          , Gs          , Gs          , Gs          , Gs          , Gs          , Gs          , Gs^Fp       , Ww          , Gll^Fp      , Gll         , Gll^Fp      , Gll^Fp      , Gll^Fp      , Gll         , Gll         , Hh          , Hh          , Mm          , Hh          , Hh          , Hh          , Mm          , Hh          , Hh          , Gll         , Gll         , Gll^Fmw     , Gll^Fp      , Gll^Fp      , Gll         , Gll^Fp      , Ww          , Gs^Fp       , Gd          , Gd          , Gd          , Gd          , Gg          , Gg          , Gg          , _off^_usr   , _off^_usr   , _off^_usr   , _off^_usr   , _off^_usr   , _off^_usr   
_off^_usr   , _off^_usr   , _off^_usr   , _off^_usr   , _off^_usr   , _off^_usr   , _off^_usr   , Gs          , Gs          , Gs          , Gs          , Gs^Fp       , Gs^Fp       , Ww          , Ww          , Gll^Fp      , Gll^Fp      , Gll^Fp      , Gll^Fdw     , Gll^Fp      , Gll         , Gll         , Gll         , Hh          , Gll         , Ce          , Gll         , Hh          , Gll         , Gll         , Gll         , Gll^Fp      , Gll^Fmw     , Gll^Fmw     , Gll^Fp      , Gll^Fp      , Ww          , Ww          , Gs^Fp       , Gs^Fp       , Gd          , Gd          , Gd          , Gg          , _off^_usr   , _off^_usr   , _off^_usr   , _off^_usr   , _off^_usr   , _off^_usr   , _off^_usr   , _off^_usr   
_off^_usr   , _off^_usr   , _off^_usr   , _off^_usr   , _off^_usr   , _off^_usr   , _off^_usr   , _off^_usr   , _off^_usr   , Gs          , Gs^Fp       , Gs^Fp       , Gs^Fp       , Gs^Fp       , Ww          , Gll^Fp      , Gll^Fp      , Gll^Fdw     , Gll^Fdw     , Gll^Fp      , Gll^Fp      , Gll         , Gll^Fp      , Gll         , Gll         , Gll         , Gll         , Gll         , Gll^Fp      , Gll         , Gll^Fp      , Gll^Fp      , Gll^Fp      , Gll^Fmw     , Gll^Fp      , Gll^Fp      , Ww          , Gs^Fp       , Gs^Fp       , Gs^Fp       , Gs^Fp       , Gd          , _off^_usr   , _off^_usr   , _off^_usr   , _off^_usr   , _off^_usr   , _off^_usr   , _off^_usr   , _off^_usr   , _off^_usr   , _off^_usr   
_off^_usr   , _off^_usr   , _off^_usr   , _off^_usr   , _off^_usr   , _off^_usr   , _off^_usr   , _off^_usr   , _off^_usr   , _off^_usr   , _off^_usr   , Gs^Fp       , Ww          , Ww          , Gll^Fp      , Gll^Fp      , Gll^Fp      , Gll^Fdw     , Gll^Fp      , Gll^Fp      , Gll^Fp      , Gll^Fp      , Gll^Fp      , Gll^Fp      , Gll^Fp      , Gll^Fp      , Gll^Fp      , Gll^Fp      , Gll^Fp      , Gll^Fp      , Gll^Fp      , Gll^Fp      , Gll^Fp      , Gll^Fp      , Gll^Fp      , Gll^Fp      , Gll^Fp      , Ww          , Ww          , Gs^Fp       , _off^_usr   , _off^_usr   , _off^_usr   , _off^_usr   , _off^_usr   , _off^_usr   , _off^_usr   , _off^_usr   , _off^_usr   , _off^_usr   , _off^_usr   , _off^_usr   
_off^_usr   , _off^_usr   , _off^_usr   , _off^_usr   , _off^_usr   , _off^_usr   , _off^_usr   , _off^_usr   , _off^_usr   , _off^_usr   , _off^_usr   , _off^_usr   , _off^_usr   , Gll^Fp      , Gll^Fp      , Gll^Fp      , Gll^Fmw     , Gll^Fmw     , Gll^Fmw     , Gll^Fmw     , Gll^Fmw     , Gll^Fp      , Gll^Fp      , Gll^Fp      , Gll^Fp      , Gll^Fp      , Gll^Fp      , Gll^Fp      , Gll^Fmw     , Gll^Fp      , Gll^Fmw     , Gll^Fdw     , Gll^Fdw     , Gll^Fdw     , Gll^Fdw     , Gll^Fdw     , Gll^Fdw     , Gll^Fp      , _off^_usr   , _off^_usr   , _off^_usr   , _off^_usr   , _off^_usr   , _off^_usr   , _off^_usr   , _off^_usr   , _off^_usr   , _off^_usr   , _off^_usr   , _off^_usr   , _off^_usr   , _off^_usr   
_off^_usr   , _off^_usr   , _off^_usr   , _off^_usr   , _off^_usr   , _off^_usr   , _off^_usr   , _off^_usr   , _off^_usr   , _off^_usr   , _off^_usr   , _off^_usr   , _off^_usr   , _off^_usr   , _off^_usr   , Gll^Fmw     , Gll^Fp      , Gll^Fmw     , Gll^Fmw     , Gll^Fmw     , Gll^Fmw     , Gll^Fdw     , Gll^Fmw     , Gll^Fdw     , Gll^Fmw     , Gll^Fmw     , Gll^Fmw     , Gll^Fmw     , Gll^Fmw     , Gll^Fmw     , Gll^Fmw     , Gll^Fdw     , Gll^Fmw     , Gs^Fp       , Gll^Fmw     , Gll^Fmw     , _off^_usr   , _off^_usr   , _off^_usr   , _off^_usr   , _off^_usr   , _off^_usr   , _off^_usr   , _off^_usr   , _off^_usr   , _off^_usr   , _off^_usr   , _off^_usr   , _off^_usr   , _off^_usr   , _off^_usr   , _off^_usr   
_off^_usr   , _off^_usr   , _off^_usr   , _off^_usr   , _off^_usr   , _off^_usr   , _off^_usr   , _off^_usr   , _off^_usr   , _off^_usr   , _off^_usr   , _off^_usr   , _off^_usr   , _off^_usr   , _off^_usr   , _off^_usr   , _off^_usr   , Gll^Fmw     , Gll^Fmw     , Gll^Fmw     , Gll^Fmw     , Gll^Fmw     , Gll^Fmw     , Gll^Fmw     , Gll^Fmw     , Gll^Fmw     , Gll^Fmw     , Gll^Fmw     , Gll^Fdw     , Gll^Fdw     , Gll^Fmw     , Gll^Fmw     , Gll^Fdw     , Gll^Fmw     , _off^_usr   , _off^_usr   , _off^_usr   , _off^_usr   , _off^_usr   , _off^_usr   , _off^_usr   , _off^_usr   , _off^_usr   , _off^_usr   , _off^_usr   , _off^_usr   , _off^_usr   , _off^_usr   , _off^_usr   , _off^_usr   , _off^_usr   , _off^_usr   
_off^_usr   , _off^_usr   , _off^_usr   , _off^_usr   , _off^_usr   , _off^_usr   , _off^_usr   , _off^_usr   , _off^_usr   , _off^_usr   , _off^_usr   , _off^_usr   , _off^_usr   , _off^_usr   , _off^_usr   , _off^_usr   , _off^_usr   , _off^_usr   , _off^_usr   , Gll^Fdw     , Gs^Fp       , Gll^Fmw     , Gll^Fmw     , Gll^Fmw     , Gll^Fmw     , Gll^Fmw     , Gll^Fdw     , Gll^Fdw     , Gll^Fdw     , Gll^Fdw     , Gll^Fdw     , Gll^Fdw     , _off^_usr   , _off^_usr   , _off^_usr   , _off^_usr   , _off^_usr   , _off^_usr   , _off^_usr   , _off^_usr   , _off^_usr   , _off^_usr   , _off^_usr   , _off^_usr   , _off^_usr   , _off^_usr   , _off^_usr   , _off^_usr   , _off^_usr   , _off^_usr   , _off^_usr   , _off^_usr   
_off^_usr   , _off^_usr   , _off^_usr   , _off^_usr   , _off^_usr   , _off^_usr   , _off^_usr   , _off^_usr   , _off^_usr   , _off^_usr   , _off^_usr   , _off^_usr   , _off^_usr   , _off^_usr   , _off^_usr   , _off^_usr   , _off^_usr   , _off^_usr   , _off^_usr   , _off^_usr   , _off^_usr   , Gll^Fmw     , Gll^Fmw     , Gll^Fdw     , Gll^Fdw     , Gll^Fdw     , Gll^Fdw     , Gll^Fdw     , Gll^Fdw     , Gll^Fdw     , _off^_usr   , _off^_usr   , _off^_usr   , _off^_usr   , _off^_usr   , _off^_usr   , _off^_usr   , _off^_usr   , _off^_usr   , _off^_usr   , _off^_usr   , _off^_usr   , _off^_usr   , _off^_usr   , _off^_usr   , _off^_usr   , _off^_usr   , _off^_usr   , _off^_usr   , _off^_usr   , _off^_usr   , _off^_usr   
_off^_usr   , _off^_usr   , _off^_usr   , _off^_usr   , _off^_usr   , _off^_usr   , _off^_usr   , _off^_usr   , _off^_usr   , _off^_usr   , _off^_usr   , _off^_usr   , _off^_usr   , _off^_usr   , _off^_usr   , _off^_usr   , _off^_usr   , _off^_usr   , _off^_usr   , _off^_usr   , _off^_usr   , _off^_usr   , _off^_usr   , Gll^Fdw     , Ch          , Gll^Fdw     , Ch          , Gll^Fdw     , _off^_usr   , _off^_usr   , _off^_usr   , _off^_usr   , _off^_usr   , _off^_usr   , _off^_usr   , _off^_usr   , _off^_usr   , _off^_usr   , _off^_usr   , _off^_usr   , _off^_usr   , _off^_usr   , _off^_usr   , _off^_usr   , _off^_usr   , _off^_usr   , _off^_usr   , _off^_usr   , _off^_usr   , _off^_usr   , _off^_usr   , _off^_usr   
_off^_usr   , _off^_usr   , _off^_usr   , _off^_usr   , _off^_usr   , _off^_usr   , _off^_usr   , _off^_usr   , _off^_usr   , _off^_usr   , _off^_usr   , _off^_usr   , _off^_usr   , _off^_usr   , _off^_usr   , _off^_usr   , _off^_usr   , _off^_usr   , _off^_usr   , _off^_usr   , _off^_usr   , _off^_usr   , _off^_usr   , _off^_usr   , _off^_usr   , Kh          , _off^_usr   , _off^_usr   , _off^_usr   , _off^_usr   , _off^_usr   , _off^_usr   , _off^_usr   , _off^_usr   , _off^_usr   , _off^_usr   , _off^_usr   , _off^_usr   , _off^_usr   , _off^_usr   , _off^_usr   , _off^_usr   , _off^_usr   , _off^_usr   , _off^_usr   , _off^_usr   , _off^_usr   , _off^_usr   , _off^_usr   , _off^_usr   , _off^_usr   , _off^_usr   
_off^_usr   , _off^_usr   , _off^_usr   , _off^_usr   , _off^_usr   , _off^_usr   , _off^_usr   , _off^_usr   , _off^_usr   , _off^_usr   , _off^_usr   , _off^_usr   , _off^_usr   , _off^_usr   , _off^_usr   , _off^_usr   , _off^_usr   , _off^_usr   , _off^_usr   , _off^_usr   , _off^_usr   , _off^_usr   , _off^_usr   , _off^_usr   , _off^_usr   , _off^_usr   , _off^_usr   , _off^_usr   , _off^_usr   , _off^_usr   , _off^_usr   , _off^_usr   , _off^_usr   , _off^_usr   , _off^_usr   , _off^_usr   , _off^_usr   , _off^_usr   , _off^_usr   , _off^_usr   , _off^_usr   , _off^_usr   , _off^_usr   , _off^_usr   , _off^_usr   , _off^_usr   , _off^_usr   , _off^_usr   , _off^_usr   , _off^_usr   , _off^_usr   , _off^_usr   
_off^_usr   , _off^_usr   , _off^_usr   , _off^_usr   , _off^_usr   , _off^_usr   , _off^_usr   , _off^_usr   , _off^_usr   , _off^_usr   , _off^_usr   , _off^_usr   , _off^_usr   , _off^_usr   , _off^_usr   , _off^_usr   , _off^_usr   , _off^_usr   , _off^_usr   , _off^_usr   , _off^_usr   , _off^_usr   , _off^_usr   , _off^_usr   , _off^_usr   , _off^_usr   , _off^_usr   , _off^_usr   , _off^_usr   , _off^_usr   , _off^_usr   , _off^_usr   , _off^_usr   , _off^_usr   , _off^_usr   , _off^_usr   , _off^_usr   , _off^_usr   , _off^_usr   , _off^_usr   , _off^_usr   , _off^_usr   , _off^_usr   , _off^_usr   , _off^_usr   , _off^_usr   , _off^_usr   , _off^_usr   , _off^_usr   , _off^_usr   , _off^_usr   , _off^_usr   
_off^_usr   , _off^_usr   , _off^_usr   , _off^_usr   , _off^_usr   , _off^_usr   , _off^_usr   , _off^_usr   , _off^_usr   , _off^_usr   , _off^_usr   , _off^_usr   , _off^_usr   , _off^_usr   , _off^_usr   , _off^_usr   , _off^_usr   , _off^_usr   , _off^_usr   , _off^_usr   , _off^_usr   , _off^_usr   , _off^_usr   , _off^_usr   , _off^_usr   , _off^_usr   , _off^_usr   , _off^_usr   , _off^_usr   , _off^_usr   , _off^_usr   , _off^_usr   , _off^_usr   , _off^_usr   , _off^_usr   , _off^_usr   , _off^_usr   , _off^_usr   , _off^_usr   , _off^_usr   , _off^_usr   , _off^_usr   , _off^_usr   , _off^_usr   , _off^_usr   , _off^_usr   , _off^_usr   , _off^_usr   , _off^_usr   , _off^_usr   , _off^_usr   , _off^_usr   
_off^_usr   , _off^_usr   , _off^_usr   , _off^_usr   , _off^_usr   , _off^_usr   , _off^_usr   , _off^_usr   , _off^_usr   , _off^_usr   , _off^_usr   , _off^_usr   , _off^_usr   , _off^_usr   , _off^_usr   , _off^_usr   , _off^_usr   , _off^_usr   , _off^_usr   , _off^_usr   , _off^_usr   , _off^_usr   , _off^_usr   , _off^_usr   , _off^_usr   , _off^_usr   , _off^_usr   , _off^_usr   , _off^_usr   , _off^_usr   , _off^_usr   , _off^_usr   , _off^_usr   , _off^_usr   , _off^_usr   , _off^_usr   , _off^_usr   , _off^_usr   , _off^_usr   , _off^_usr   , _off^_usr   , _off^_usr   , _off^_usr   , _off^_usr   , _off^_usr   , _off^_usr   , _off^_usr   , _off^_usr   , _off^_usr   , _off^_usr   , _off^_usr   , _off^_usr   
