border_size=1
usage=map

Wog         , Wog         , Wog         , Wog         , Wwg         , Wwg         , Gs^Fms      , Gg          , Gg          , Gg          , Gg          , Gg          , Gg          , Gg          , Gg          , Ss          , Ss          , Wwg         , Wwg         , Wwg         , Ss          , Ss          , Gs^Fms      , Gg          , Gg          , Gg          , Gg          , Gg          , Gg          , Wwg         , Wwg         , Wog         , Wog         , Wog         , Wog         , Wog         
Wog         , Wog         , Wog         , Wog         , Wwg         , Gg          , Gg          , Mm          , Gs^Fms      , Gg          , Gs          , Gg          , Gg          , Gs^Fms      , Gg          , Gg          , Gg          , Ss          , Ss          , Ss          , Gg          , Gg          , Gs          , Gs          , Gg          , Gg          , Ch          , 2 Kh        , Ch          , Gg          , Gg          , Wwg         , Wog         , Wog         , Wog         , Wog         
Wog         , Wog         , Wwg         , Wwg         , Wwg         , Gg          , Gg          , Mm          , Gg          , Gs          , Gs          , Gs          , Gg          , Gg          , Hh          , Gg          , Gs^Fms      , Wwg         , Wwg         , Ss          , Gll^Fp      , Mm          , Gs          , Gg          , Gg          , Gg          , Gg          , Ch          , Gg          , Gg          , Gs^Fms      , Wwg         , Wwg         , Wog         , Wog         , Wog         
Wog         , Wog         , Wwg         , Gg          , Wwg         , Gg          , Wwg         , Gg          , Gg          , Gs          , Gg          , Gg          , Gs^Fms      , Gg          , Gg          , Gg          , Ss          , Ss          , Ss          , Ss          , Gg          , Gg          , Gg          , Gs          , Hh          , Gg          , Gs          , Gg          , Mm          , Gg          , Gg          , Gg          , Wwg         , Wwg         , Wwg         , Wwg         
Wwg         , Wwg         , Gs^Fms      , Gg          , Gg          , Wwg         , Gg          , Wwg         , Gg          , Gg          , Hh          , Gg          , Gs^Fms      , Gg          , Gg          , Gg          , Gg          , Ss          , Wwg         , Wwg         , Gg          , Mm          , Gg          , Gs          , Gg          , Gg          , Gg          , Gg          , Gg          , Gg          , Wwg         , Gg          , Wwg         , Gg          , Gs          , Gg          
Gg          , Gg          , Gg          , Gg          , Mm          , Gg          , Wwg         , Wwg         , Gg          , Gg          , Gg          , Gg          , Gg          , Gg          , Gg          , Gg          , Gg          , Ss          , Ss          , Ss          , Gs^Fms      , Gg          , Gg          , Gg          , Gg          , Gg          , Gs^Fms      , Gg          , Gg          , Wwg         , Gg          , Wwg         , Gg          , Gs          , Gg          , Gs          
Gg          , Gg          , Ch          , Gg          , Gg          , Gg          , Wwg         , Gg          , Wwg         , Gg          , Gg          , Gg          , Gg          , Gs          , Gg          , Gs^Fms      , Gs^Fms      , Gg          , Gg          , Gg          , Gs^Fms      , Gg          , Gs          , Hh          , Wwg         , Wwg         , Wwg         , Wwg         , Wwg         , Wwg         , Gg          , Gg          , Gg          , Gs^Fms      , Gg          , Gg          
Gg          , 3 Kh        , Ch          , Gg          , Gg          , Gs          , Gll^Fp      , Wwg         , Gg          , Wwg         , Gg          , Mm          , Gg          , Gs          , Gs          , Gg          , Gg          , Gg          , Gg          , Gg          , Gs          , Gg          , Gg          , Gg          , Wwg         , Gg          , Gg          , Gg          , Gg          , Gg          , Gg          , Gg          , Mm          , Mm          , Gg          , Gg          
Gg          , Ch          , Gg          , Gg          , Gg          , Gg          , Gg          , Gg          , Gs          , Wwg         , Wwg         , Gg          , Gg          , Gs          , Gs          , Gg          , Hh          , Gs          , Gs^Fms      , Gg          , Gs          , Gg          , Gg          , Gg          , Gg          , Wwg         , Gg          , Gg          , Gg          , Gs^Fms      , Gg          , Gg          , Gg          , Gs^Fms      , Gg          , Gg          
Gg          , Gg          , Gg          , Gg          , Gg          , Hh          , Gg          , Gs          , Gs          , Gg          , Wwg         , Gg          , Wwg         , Gg          , Gg          , Gg          , Gs^Fms      , Gs          , Gg          , Gg          , Gs          , Gg          , Wwg         , Wwg         , Wwg         , Wwg         , Gg          , Hh          , Gg          , Gg          , Gg          , Gg          , Gg          , Gs          , Hh          , Gg          
Gg          , Gs          , Gs          , Gs          , Gg          , Gg          , Gg          , Gs          , Gs          , Gg          , Hh          , Wwg         , Gg          , Wwg         , Gg          , Gg          , Gg          , Gg          , Gs          , Gg          , Gg          , Gg          , Wwg         , Gg          , Gg          , Gg          , Mm          , Gg          , Gs          , Gs          , Gg          , Gs^Fms      , Gg          , Gs          , Gg          , Gg          
Gs^Fms      , Gs          , Gs          , Gg          , Gg          , Mm          , Gg          , Gg          , Gg          , Gs          , Gg          , Gg          , Wwg         , Wwg         , Gg          , Gg          , Mm          , Gg          , Gg          , Gg          , Gg          , Wwg         , Gg          , Gg          , Gs^Fms      , Gg          , Gg          , Gg          , Gg          , Gg          , Gg          , Gg          , Gg          , Gs          , Gs          , Gg          
Gg          , Gg          , Gg          , Mm          , Gll^Fp      , Gg          , Gg          , Hh          , Gg          , Gg          , Gg          , Gg          , Wwg         , Gg          , Wwg         , Gg          , Gg          , Gg          , Wwg         , Wwg         , Wwg         , Wwg         , Gg          , Gg          , Gg          , Gg          , Gg          , Gs          , Gs^Fms      , Gg          , Gg          , Gg          , Ss          , Gs          , Gg          , Gg          
Ss          , Gg          , Ss          , Gg          , Ss          , Gg          , Gg          , Gg          , Gg          , Gs^Fms      , Gg          , Gg          , Gg          , Wwg         , Gg          , Wwg         , Gg          , Gg          , Wwg         , Gg          , Gg          , Gg          , Gs^Fms      , Gs          , Gg          , Gg          , Gs          , Gg          , Gg          , Gg          , Ss          , Gs^Fms      , Ss          , Gg          , Wwg         , Ss          
Ss          , Wwg         , Wwg         , Ss          , Wwg         , Ss          , Gg          , Hh          , Gg          , Gg          , Gg          , Gs^Fms      , Gg          , Gg          , Gg          , Wwg         , Wwg         , Wog         , Wog         , Gg          , Gg          , Mm          , Gg          , Gs          , Gs          , Gs^Fms      , Gg          , Gs          , Hh          , Gg          , Ss          , Ss          , Ss          , Ss          , Ss          , Wwg         
Wwg         , Ss          , Ss          , Ss          , Wwg         , Ss          , Gg          , Gg          , Gs^Fms      , Gs^Fms      , Gg          , Gg          , Gs          , Gg          , Mm          , Gg          , Gg          , Wog         , Wog         , Wwg         , Wwg         , Gg          , Gg          , Gs          , Gs          , Gs^Fms      , Gg          , Gs          , Gg          , Gg          , Ss          , Wwg         , Wwg         , Wwg         , Ss          , Wwg         
Ss          , Ss          , Gg          , Ss          , Gg          , Ss          , Gg          , Gg          , Gg          , Gg          , Gs          , Gs          , Gs^Fms      , Gg          , Gg          , Gg          , Gg          , Wwg         , Gg          , Gg          , Wwg         , Gg          , Wwg         , Gs          , Gs          , Gg          , Gg          , Gg          , Gs^Fms      , Gs^Fms      , Gg          , Ss          , Gg          , Ss          , Gg          , Ss          
Gg          , Gg          , Ss          , Gg          , Gs^Fms      , Gs^Fms      , Gg          , Gg          , Gg          , Gs          , Gg          , Hh          , Gg          , Gg          , Wwg         , Wwg         , Wwg         , Wwg         , Gg          , Gg          , Gg          , Wwg         , Gg          , Wwg         , Gg          , Gg          , Hh          , Gg          , Gg          , Gg          , Gg          , Gll^Fp      , Mm          , Gg          , Gg          , Gg          
Gs          , Gg          , Gg          , Gg          , Gs          , Gg          , Hh          , Gg          , Gg          , Gg          , Gs          , Gg          , Gg          , Gg          , Wwg         , Gg          , Gs          , Gg          , Gg          , Mm          , Gs          , Gg          , Wwg         , Wwg         , Gg          , Gg          , Gg          , Gg          , Gg          , Gg          , Mm          , Gg          , Gs          , Gs          , Gg          , Gs^Fms      
Gg          , Gs          , Gs^Fms      , Gg          , Gs          , Gg          , Gg          , Gg          , Gg          , Mm          , Gs          , Gg          , Gg          , Wwg         , Gg          , Gs          , Gs          , Gg          , Gs^Fms      , Gs          , Gs          , Gg          , Wwg         , Gg          , Wwg         , Gg          , Gg          , Gs          , Gs          , Gs          , Gg          , Gg          , Gs          , Gs          , Gg          , Gg          
Gs          , Gs          , Gs          , Gs          , Gg          , Gg          , Gs^Fms      , Gg          , Gg          , Gg          , Wwg         , Wwg         , Wwg         , Wwg         , Gg          , Hh          , Gs^Fms      , Gg          , Gg          , Gg          , Gs^Fms      , Gg          , Gg          , Wwg         , Gg          , Wwg         , Gg          , Gs          , Gg          , Gs          , Hh          , Gs          , Gg          , Gg          , Gg          , Gg          
Gs          , Gs          , Gs^Fms      , Gg          , Gg          , Gg          , Gg          , Gg          , Gg          , Gg          , Wwg         , Gg          , Gg          , Gg          , Gs          , Gg          , Gs^Fms      , Gg          , Gg          , Gg          , Gg          , Gg          , Gg          , Gg          , Gg          , Wwg         , Wwg         , Gg          , Gg          , Gg          , Gs          , Gg          , Gg          , Gg          , Ch          , Gg          
Gg          , Gg          , Mm          , Mm          , Gg          , Gg          , Gg          , Gg          , Gg          , Gg          , Gg          , Wwg         , Gg          , Gs          , Gs          , Gg          , Gg          , Gg          , Gg          , Gg          , Gs          , Gs          , Gg          , Gg          , Mm          , Gg          , Wwg         , Gg          , Wwg         , Gll^Fp      , Gg          , Gs          , Gg          , Ch          , 4 Kh        , Gg          
Gg          , Gg          , Gs^Fms      , Gg          , Gg          , Gg          , Wwg         , Wwg         , Wwg         , Wwg         , Wwg         , Wwg         , Gg          , Hh          , Gs          , Gs          , Gg          , Gg          , Gg          , Gs^Fms      , Gg          , Hh          , Gg          , Gg          , Gg          , Gg          , Gg          , Wwg         , Gg          , Wwg         , Gg          , Gg          , Gg          , Ch          , Gg          , Gg          
Gg          , Gg          , Gg          , Gg          , Wwg         , Gg          , Wwg         , Gg          , Gg          , Gs^Fms      , Gs          , Gs          , Gg          , Gg          , Gg          , Gg          , Ss          , Ss          , Ss          , Gs^Fms      , Gg          , Gg          , Gg          , Gg          , Gg          , Gg          , Gg          , Gg          , Wwg         , Wwg         , Gg          , Mm          , Gg          , Gg          , Gg          , Gg          
Gg          , Gg          , Gg          , Wwg         , Gg          , Wwg         , Gg          , Gg          , Gg          , Gs          , Gs          , Gg          , Gs          , Gs          , Mm          , Gg          , Wwg         , Wwg         , Ss          , Gg          , Gs          , Gs          , Gg          , Gs^Fms      , Gg          , Gg          , Gs          , Gs          , Wwg         , Gg          , Wwg         , Gg          , Gg          , Gs^Fms      , Wwg         , Wwg         
Wwg         , Wwg         , Wwg         , Wwg         , Gg          , Gg          , Gg          , Mm          , Gg          , Gs          , Gg          , Hh          , Gs          , Gs          , Gg          , Gg          , Ss          , Ss          , Wwg         , Ss          , Gs          , Gs          , Gg          , Gg          , Gs          , Gs          , Gs          , Gs          , Gg          , Wwg         , Gg          , Wwg         , Gg          , Wwg         , Wog         , Wog         
Wog         , Wog         , Wog         , Wwg         , Wwg         , Gs^Fms      , Gg          , Gg          , Ch          , Gg          , Gg          , Gg          , Gg          , Gg          , Mm          , Gll^Fp      , Ss          , Wwg         , Ss          , Gg          , Gg          , Gg          , Gs^Fms      , Gg          , Gg          , Gs          , Gg          , Gg          , Mm          , Gg          , Gg          , Wwg         , Wwg         , Wwg         , Wog         , Wog         
Wog         , Wog         , Wog         , Wog         , Wwg         , Gg          , Gg          , Ch          , 1 Kh        , Ch          , Gg          , Gg          , Gg          , Gg          , Gg          , Gg          , Ss          , Ss          , Ss          , Gg          , Gg          , Gg          , Gg          , Hh          , Gg          , Gg          , Gg          , Gs^Fms      , Mm          , Gg          , Gg          , Gg          , Wwg         , Wog         , Wog         , Wog         
Wog         , Wog         , Wog         , Wog         , Wog         , Wwg         , Wwg         , Gg          , Gg          , Gg          , Gg          , Gg          , Gg          , Gs^Fms      , Ss          , Ss          , Wwg         , Wwg         , Wwg         , Ss          , Ss          , Gg          , Gg          , Gg          , Gg          , Gg          , Gg          , Gg          , Gg          , Gs^Fms      , Gg          , Gg          , Wwg         , Wog         , Wog         , Wog         
