border_size=1
usage=map

Xos         , Xos         , Xos         , Xos         , Xos         , Xos         , Xos         , Xos         , Xos         , Xos         , Xos         , Xos         , Xos         , Xos         , Xos         , Xos         , Xos         , Xos         , Xos         , Xos         , Xos         , Xos         , Xos         , Xos         , Xos         , Xos         , Xos         , Xos         , Xos         , Xos         , Xos         , Xos         , Xos         , Xos         , Xos         , Xos         , Xos         , Xos         , Xos         , Xos         , Xos         , Xos         , Xos         , Xos         , Xos         , Xos         , Xos         , Xos         , Xos         , Xos         , Xos         , Xos         , Xos         , Xos         , Xos         , Xos         , Xos         , Xos         , Xos         , Xos         , Xos         , Xos         , Xos         
Xos         , Xos         , Xos         , Xos         , Xos         , Xos         , Xos         , Xos         , Xos         , Xos         , Xos         , Xos         , Xos         , Xos         , Xos         , Xos         , Xos         , Xos         , Xos         , Xos         , Xos         , Xos         , Xos         , Xos         , Xos         , Xos         , Xos         , Xos         , Xos         , Xos         , Hh^Fp       , Mm          , Hh^Fp       , Xos         , Xos         , Xos         , Xos         , Xos         , Xos         , Xos         , Xos         , Xos         , Xos         , Xos         , Xos         , Xos         , Xos         , Xos         , Xos         , Xos         , Xos         , Xos         , Xos         , Xos         , Xos         , Xos         , Xos         , Xos         , Xos         , Xos         , Xos         , Xos         , Xos         
Xos         , Xos         , Xos         , Xos         , Xos         , Xos         , Xos         , Xos         , Xos         , Xos         , Xos         , Xos         , Xos         , Xos         , Xos         , Xos         , Xos         , Xos         , Xos         , Xos         , Xos         , Xos         , Xos         , Xos         , Xos         , Xos         , Xos         , Xos         , Gll^Fp      , Gll^Fp      , Gll^Fp      , Hh^Fp       , Gll^Fp      , Gll^Fp      , Gll^Fp      , Xos         , Xos         , Xos         , Xos         , Xos         , Xos         , Xos         , Xos         , Xos         , Xos         , Xos         , Xos         , Xos         , Xos         , Xos         , Xos         , Xos         , Xos         , Xos         , Xos         , Xos         , Xos         , Xos         , Xos         , Xos         , Xos         , Xos         , Xos         
Xos         , Xos         , Xos         , Xos         , Xos         , Xos         , Xos         , Xos         , Xos         , Xos         , Xos         , Xos         , Xos         , Xos         , Xos         , Xos         , Xos         , Xos         , Xos         , Xos         , Xos         , Xos         , Xos         , Xos         , Xos         , Xos         , Gll         , Gll         , Gll         , Gll^Fp      , Gll^Fp      , Gll^Fp      , Gll^Fp      , Gll^Fp      , Gll         , Gll         , Gll         , Xos         , Xos         , Xos         , Xos         , Xos         , Xos         , Xos         , Xos         , Xos         , Xos         , Xos         , Xos         , Xos         , Xos         , Xos         , Xos         , Xos         , Xos         , Xos         , Xos         , Xos         , Xos         , Xos         , Xos         , Xos         , Xos         
Xos         , Xos         , Xos         , Xos         , Xos         , Xos         , Xos         , Xos         , Xos         , Xos         , Xos         , Xos         , Xos         , Xos         , Xos         , Xos         , Xos         , Xos         , Xos         , Xos         , Xos         , Xos         , Xos         , Xos         , Gll         , Gll         , Gll         , Gll         , Gll         , Gll         , Gll         , Gll^Fp      , Gll         , Gll         , Gll^Gvs     , Gll^Gvs     , Gll^Gvs     , Gll         , Gll         , Xos         , Xos         , Xos         , Xos         , Xos         , Xos         , Xos         , Xos         , Xos         , Xos         , Xos         , Xos         , Xos         , Xos         , Xos         , Xos         , Xos         , Xos         , Xos         , Xos         , Xos         , Xos         , Xos         , Xos         
Xos         , Xos         , Xos         , Xos         , Xos         , Xos         , Xos         , Xos         , Xos         , Xos         , Xos         , Xos         , Xos         , Xos         , Xos         , Xos         , Xos         , Xos         , Xos         , Xos         , Xos         , Xos         , Gll         , Gll         , Gll         , Gll         , Gll         , Gll         , Gll         , Gll         , Gll         , Gll         , Gll         , Gll^Gvs     , Gll^Gvs     , Gll^Gvs     , Gll         , Gll         , Ww          , Ww          , Ww          , Xos         , Xos         , Xos         , Xos         , Xos         , Xos         , Xos         , Xos         , Xos         , Xos         , Xos         , Xos         , Xos         , Xos         , Xos         , Xos         , Xos         , Xos         , Xos         , Xos         , Xos         , Xos         
Xos         , Xos         , Xos         , Xos         , Xos         , Xos         , Xos         , Xos         , Xos         , Xos         , Xos         , Xos         , Xos         , Xos         , Xos         , Xos         , Xos         , Xos         , Xos         , Xos         , Ww          , Ww          , Ww          , Gll         , Gll         , Gll         , Gll         , Gll         , Gll         , Gll         , Gll         , Gll         , Gll         , Gll         , Gll         , Gll         , Ww          , Ww          , Hh          , Hh          , Hh          , Ww          , Ww          , Xos         , Xos         , Xos         , Xos         , Xos         , Xos         , Xos         , Xos         , Xos         , Xos         , Xos         , Xos         , Xos         , Xos         , Xos         , Xos         , Xos         , Xos         , Xos         , Xos         
Xos         , Xos         , Xos         , Xos         , Xos         , Xos         , Xos         , Xos         , Xos         , Xos         , Xos         , Xos         , Xos         , Xos         , Xos         , Xos         , Xos         , Xos         , Gd          , Gd          , Gd          , Ww          , Ww          , Ww          , Ww          , Gll         , Gll         , Gll         , Gll         , Gll         , Gll         , Gll         , Gll         , Gll         , Ww          , Ww          , Gs          , Gs          , Hh          , Mm          , Mm          , Hh          , Ww          , Xos         , Gd          , Xos         , Xos         , Xos         , Xos         , Xos         , Xos         , Xos         , Xos         , Xos         , Xos         , Xos         , Xos         , Xos         , Xos         , Xos         , Xos         , Xos         , Xos         
Xos         , Xos         , Xos         , Xos         , Xos         , Xos         , Xos         , Xos         , Xos         , Xos         , Xos         , Xos         , Xos         , Xos         , Xos         , Xos         , Gd          , Gd          , Gd          , Gd          , Gd          , Gd          , Gd          , Ww          , Ww          , Ww          , Ww          , Gll         , Gll         , Gll         , Gll         , Gll         , Ww          , Ww          , Gs          , Gs          , Gs          , Gs          , Gs          , Hh          , Hh          , Hh          , Ww          , Gd          , Gd          , Gd          , Gd          , Xos         , Xos         , Xos         , Xos         , Xos         , Xos         , Xos         , Xos         , Xos         , Xos         , Xos         , Xos         , Xos         , Xos         , Xos         , Xos         
Xos         , Xos         , Xos         , Xos         , Xos         , Xos         , Xos         , Xos         , Xos         , Xos         , Xos         , Xos         , Xos         , Xos         , Gd          , Gd          , Gd          , Gd          , Gd          , Gd          , Ch          , Gd          , Gd          , Gd          , Gd          , Ww          , Ww          , Ww          , Ww          , Gll         , Ww          , Ww          , Gs          , Gs          , Gs          , Gs          , Gs          , Gs          , Gs          , Gs          , Gs          , Gs          , Ww          , Gd          , Gd          , Gd          , Gd          , Gd          , Gd          , Xos         , Xos         , Xos         , Xos         , Xos         , Xos         , Xos         , Xos         , Xos         , Xos         , Xos         , Xos         , Xos         , Xos         
Xos         , Xos         , Xos         , Xos         , Xos         , Xos         , Xos         , Xos         , Xos         , Xos         , Xos         , Xos         , Ww          , Xos         , Gd          , Gd          , Gd          , Gd          , 1 Kh        , Ch          , Gd          , Gd          , Gd          , Gd          , Gd          , Gd          , Gd          , Ww          , Ww          , Ww          , Ww          , Gs          , Gs          , Gs          , Gs          , Gs          , Gs          , Gs          , Gs          , Gs          , Gs          , Gs          , Ww          , Xos         , Gd          , Gd          , Gd          , Gd          , Gd          , Gd          , Ww          , Xos         , Xos         , Xos         , Xos         , Xos         , Xos         , Xos         , Xos         , Xos         , Xos         , Xos         , Xos         
Xos         , Xos         , Xos         , Xos         , Xos         , Xos         , Xos         , Xos         , Xos         , Xos         , Ww          , Ww          , Hh          , Ww          , Ww          , Gd          , Xos         , Gd          , Gd          , Gd          , Gd          , Gd          , Gd          , Gd          , Gd          , Gd          , Ww          , Ww          , Gg^Fp       , Gg^Fp       , Ww          , Gs          , Gs          , Gs          , Gs          , Gs          , Gs          , Gs          , Gs          , Gs          , Gs          , Gs          , Ww          , Xos         , Gd          , 3 Kh        , Ch          , Gd          , Gd          , Gd          , Ww          , Ww          , Gll         , Xos         , Xos         , Xos         , Xos         , Xos         , Xos         , Xos         , Xos         , Xos         , Xos         
Xos         , Xos         , Xos         , Xos         , Xos         , Xos         , Xos         , Xos         , Gll         , Ww          , Hh          , Hh          , Mm          , Hh          , Gs          , Ww          , Ww          , Xos         , Xos         , Gd          , Gd          , Gd          , Gd          , Gd          , Ww          , Ww          , Gg^Fp       , Gg^Fp       , Gg^Fp       , Gg^Fp       , Ww          , Gs          , Gs          , Gs          , Gs          , Gs          , Gs          , Gs          , Gs          , Gs          , Gs          , Gs          , Ww          , Xos         , Gd          , Gd          , Gd          , Ch          , Gd          , Gd          , Ww          , Ww          , Gll         , Gll         , Gll         , Xos         , Xos         , Xos         , Xos         , Xos         , Xos         , Xos         , Xos         
Xos         , Xos         , Xos         , Xos         , Xos         , Xos         , Gll         , Gll         , Gll         , Ww          , Hh          , Mm          , Hh          , Hh          , Gs          , Gs          , Gs          , Ww          , Ww          , Xos         , Xos         , Gd          , Ww          , Ww          , Gg^Fp       , Gg^Fp       , Gg^Fp       , Gg^Fp       , Gg^Fp       , Gg^Fp       , Ww          , Ww          , Ww          , Gs          , Gs          , Gs          , Gs          , Gs          , Gs          , Gs          , Gs          , Gs          , Ww          , Xos         , Gd          , Gd          , Gd          , Gd          , Gd          , Gd          , Ww          , Ww          , Gll         , Gll         , Gll         , Gll         , Gll         , Xos         , Xos         , Xos         , Xos         , Xos         , Xos         
Xos         , Xos         , Xos         , Xos         , Gll^Fp      , Gll         , Gll^Gvs     , Gll^Gvs     , Gll         , Ww          , Gs          , Hh          , Gs          , Gs          , Gs          , Gs          , Gs          , Gs          , Gs          , Ww          , Ww          , Ww          , Gg^Fp       , Gg^Fp       , Gg^Fp       , Gg^Fp       , Gg^Fp       , Gg^Fp       , Ww          , Ww          , Ww          , Ww          , Ww          , Ww          , Ww          , Gs          , Gs          , Gs          , Gs          , Gs          , Gs          , Gs          , Ww          , Xos         , Gd          , Gd          , Gd          , Gd          , Gd          , Gd          , Ww          , Ww          , Gll         , Gll         , Gll         , Gll         , Gll         , Gll         , Gll^Fp      , Xos         , Xos         , Xos         , Xos         
Xos         , Xos         , Hh^Fp       , Gll^Fp      , Gll^Fp      , Gll         , Gll^Gvs     , Gll^Gvs     , Gll         , Ww          , Gs          , Gs          , Gs          , Gs          , Gs          , Gs          , Gs          , Gs          , Gs          , Gs          , Gs          , Ww          , Gg^Fp       , Gg^Fp       , Gg^Fp       , Gg^Fp       , Ww          , Ww          , Wog         , Wog         , Ww          , Ww          , Ww          , Ww          , Ww          , Ww          , Ww          , Gs          , Gs          , Gs          , Gs          , Gs          , Ww          , Ww          , Ww          , Gd          , Gd          , Gd          , Gd          , Gd          , Ww          , Ww          , Gll         , Gll         , Gll         , Gll         , Gll         , Gll         , Gll^Fp      , Gll^Fp      , Hh^Fp       , Xos         , Xos         
Xos         , Mm          , Hh^Fp       , Gll^Fp      , Gll^Fp      , Gll         , Gll^Gvs     , Gll^Gvs     , Gll         , Ww          , Gs          , Gs          , Gs          , Gs          , Gs          , Gs          , Gs          , Gs          , Gs          , Gs          , Gs          , Ww          , Gg^Fp       , Gg^Fp       , Ww          , Ww          , Wog         , Wog         , Ww          , Ww          , Gg          , Gg          , Gg          , Ww          , Ww          , Ww          , Ww          , Ww          , Ww          , Gs          , Ww          , Ww          , Gg^Fp       , Gg^Fp       , Gg^Fp       , Ww          , Ww          , Gd          , Gd          , Gd          , Ww          , Ww          , Gll         , Gll         , Gll         , Gll         , Gll         , Gll         , Gll^Fp      , Gll^Fp      , Hh^Fp       , Mm          , Xos         
Xos         , Hh^Fp       , Gll^Fp      , Gll^Fp      , Gll^Fp      , Gll         , Gll         , Gll         , Gll         , Ww          , Gs          , Gs          , Gs          , Gs          , Gs          , Gs          , Gs          , Gs          , Gs          , Gs          , Gs          , Ww          , Ww          , Ww          , Wog         , Wog         , Ww          , Ww          , Gg          , Gg          , Gg          , Gg          , Gg          , Gg          , Gg          , Ww          , Ww          , Ww          , Ww          , Ww          , Ww          , Gg^Fp       , Gg^Fp       , Gg^Fp       , Gg^Fp       , Gg^Fp       , Gg^Fp       , Ww          , Ww          , Gd          , Ww          , Ww          , Gll         , Gll         , Gll         , Gll         , Gll         , Gll         , Gll^Fp      , Gll^Fp      , Gll^Fp      , Hh^Fp       , Xos         
Xos         , Gll^Fp      , Gll^Fp      , Gll^Fp      , Gll         , Gll         , Gll         , Gll         , Gll         , Ww          , Gs          , Gs          , Gs          , Gs          , Gs          , Gs          , Gs          , Gs          , Gs          , Gs          , Ww          , Ww          , Ww          , Ww          , Ww          , Ww          , Gg          , Gg          , Gg          , Gg          , Gg^Fp       , Gg^Fp       , Gg^Fp       , Gg          , Gg          , Gg          , Gg          , Ww          , Ww          , Ww          , Ww          , Ww          , Ww          , Gg^Fp       , Gg^Fp       , Gg^Fp       , Gg^Fp       , Gg^Fp       , Gg^Fp       , Ww          , Ww          , Ww          , Gll         , Gll         , Gll         , Gll         , Gll         , Gll         , Gll         , Gll^Fp      , Gll^Fp      , Gll^Fp      , Xos         
Xos         , Gll^Fp      , Gll         , Gll         , Gll         , Gll         , Gll         , Gll         , Gll         , Ww          , Gs          , Gs          , Gs          , Gs          , Gs          , Gs          , Gs          , Gs          , Ww          , Ww          , Ww          , Ww          , Ww          , Ww          , Gg          , Ww          , Gg          , Gg          , Gg^Fp       , Gg^Fp       , Xos         , Xos         , Xos         , Gg^Fp       , Gg^Fp       , Gg          , Gg          , Gg          , Gg          , Ww          , Ww          , Wog         , Wog         , Ww          , Ww          , Gg^Fp       , Gg^Fp       , Gg^Fp       , Gg^Fp       , Gg^Fp       , Gg^Fp       , Ww          , Ww          , Gll         , Gll         , Gll         , Gll         , Gll         , Gll^Gvs     , Gll         , Gll         , Gll^Fp      , Xos         
Xos         , Gll         , Gll         , Gll         , Gll         , Gll         , Gll         , Gll         , Gll         , Ww          , Gs          , Gs          , Gs          , Gs          , Gs          , Gs          , Ww          , Ww          , Ww          , Ww          , Ww          , Ww          , Gg          , Gg          , Gg          , Ww          , Xos         , Xos         , Xos         , Xos         , Rb          , Rb          , Rb          , Xos         , Xos         , Gg^Fp       , Xos         , Gg          , Gg          , Gg          , Ww          , Ww          , Ww          , Wog         , Wog         , Ww          , Ww          , Gg^Fp       , Gg^Fp       , Gg^Fp       , Ww          , Ww          , Gs          , Ww          , Ww          , Gll         , Gll         , Gll         , Gll^Gvs     , Gll^Gvs     , Gll^Gvs     , Gll         , Xos         
Xos         , Gll         , Gll         , Gll         , Gll         , Gll         , Gll         , Gll         , Gll         , Ww          , Ww          , Gs          , Gs          , Gs          , Ww          , Ww          , Ww          , Ww          , Ww          , Ww          , Gg          , Gg          , Gg          , Gg          , Gg          , Ww          , Ww          , Ww          , Ww          , Rb          , Rb          , Rb          , Rb          , Rb          , Rb          , Xos         , Ww          , Gg          , Ww          , Ww          , Gg          , Gg          , Gg          , Ww          , Ww          , Wog         , Wog         , Ww          , Ww          , Ww          , Gs          , Gs          , Gs          , Gs          , Gs          , Ww          , Ww          , Gll         , Gll         , Gll^Gvs     , Gll^Gvs     , Gll         , Xos         
Xos         , Gll         , Gll         , Gll         , Gll         , Gll         , Gll         , Gll         , Ww          , Ww          , Gg^Fp       , Ww          , Ww          , Ww          , Ww          , Ww          , Ww          , Ww          , Gg          , Gg          , Gg          , Gg          , Gg^Fp       , Xos         , Ww          , Ww^Br\      , Ur^Br\      , Ww          , Ww          , Ww          , Ww          , Rb          , Rb          , Rb          , Ww          , Ww          , Xos         , Ww^Br|      , Ww          , Xos         , Xos         , Gg          , Gg          , Gg          , Gg          , Ww          , Ww          , Ww          , Ww          , Ww          , Gs          , Gs          , Gs          , Gs          , Gs          , Gs          , Gs          , Ww          , Ww          , Gll         , Gll         , Gll         , Xos         
Xos         , Gll         , Gll         , Gll         , Gll         , Gll         , Ww          , Ww          , Ww          , Ww          , Gg^Fp       , Gg^Fp       , Gg^Fp       , Ww          , Ww          , Ww          , Gg          , Gg          , Gg          , Gg          , Gg^Fp       , Gg^Fp       , Xos         , Xos         , Ww          , Xos         , Ur          , Ur^Br\      , Ur^Br\      , Ww          , Ww          , Ww          , Ww          , Ww          , Xos         , Xos         , Ur          , Ur^Br|      , Ww          , Ww          , Xos         , Gg^Fp       , Gg^Fp       , Gg          , Gg          , Gg          , Gg          , Ww          , Ww          , Ww          , Gs          , Gs          , Gs          , Gs          , Gs          , Gs          , Gs          , Gs          , Gs          , Ww          , Ww          , Gll         , Xos         
Xos         , Gll         , Gll         , Gll         , Ww          , Ww          , Ww          , Ww          , Gd          , Ww          , Gg^Fp       , Gg^Fp       , Gg^Fp       , Ww          , Wog         , Ww          , Gg          , Gg          , Gg^Fp       , Gg^Fp       , Xos         , Xos         , Rb          , Rb          , Ww          , Xos         , Ur          , Ur          , Ur          , Ur^Br\      , Ur^Br|      , Ww          , Xos         , Xos         , Ur          , Ur          , Ur          , Ur^Br|      , Ww          , Ww          , Rb          , Xos         , Xos         , Gg^Fp       , Gg^Fp       , Gg          , Gg          , Ww          , Ww          , Ww          , Gs          , Gs          , Gs          , Gs          , Gs          , Gs          , Gs          , Gs          , Hh          , Hh          , Hh          , Ww          , Xos         
Xos         , Gll         , Ww          , Ww          , Ww          , Ww          , Gd          , Gd          , Gd          , Ww          , Gg^Fp       , Gg^Fp       , Gg^Fp       , Ww          , Wog         , Ww          , Gg          , Gg          , Gg^Fp       , Xos         , Rb          , Rb          , Rb          , Rb          , Ww          , Xos         , Ur          , Ur          , Ur          , Ur          , Ur^Br|      , Xos         , Ur          , Ur          , Qlf         , Ur          , Ur          , Ur^Br|      , Ww          , Ww          , Rb          , Rb          , Rb          , Xos         , Gg^Fp       , Gg          , Gg          , Ww          , Ww          , Ww          , Gs          , Gs          , Gs          , Gs          , Gs          , Gs          , Gs          , Gs          , Hh          , Mm          , Hh          , Ww          , Xos         
Xos         , Ww          , Ww          , Ww          , Gd          , Gd          , Gd          , Gd          , Gd          , Ww          , Gg^Fp       , Gg^Fp       , Gg^Fp       , Ww          , Wog         , Ww          , Gg          , Gg          , Gg^Fp       , Xos         , Rb          , Rb          , Rb          , Rb          , Ww          , Xos         , Ur          , Qlf         , Qlf         , Ur          , Ur^Br|      , Xos         , Ur          , Qlf         , Qlf         , Ur          , Ur          , Ur^Br|      , Ww          , Ww          , Rb          , Rb          , Rb          , Xos         , Gg^Fp       , Gg          , Gg          , Ww          , Ww          , Ww          , Gs          , Gs          , Gs          , Gs          , Gs          , Gs          , Gs          , Gs          , Hh          , Mm          , Hh          , Ww          , Xos         
Xos         , Ww          , Gd          , Gd          , Gd          , Gd          , Gd          , Gd          , Gd          , Ww          , Gg^Fp       , Gg^Fp       , Gg^Fp       , Ww          , Wog         , Ww          , Gg          , Gg          , Gg^Fp       , Xos         , Rb          , Rb          , Ww          , Ww          , Ww          , Xos         , Ur          , Qlf         , Qlf         , Ur          , Ur^Br|      , Xos         , Ur          , Qlf         , Ur          , Ur          , Ur^Br/      , Ur^Br/      , Ww          , Ww          , Rb          , Rb          , Rb          , Xos         , Gg^Fp       , Gg          , Gg          , Ww          , Ww          , Ww          , Gs          , Gs          , Gs          , Gs          , Gs          , Gs          , Gs          , Gs          , Hh          , Hh          , Ww          , Ww          , Xos         
Xos         , Gd          , Gd          , Gd          , Ch          , Gd          , Gd          , Gd          , Gd          , Ww          , Gg^Fp       , Gg^Fp       , Gg^Fp       , Ww          , Wog         , Ww          , Gg          , Gg          , Xos         , Xos         , Ww          , Ww          , Ww          , Ww          , Ur^Br\      , Xos         , Xos         , Ur          , Ur          , Ur          , Ur^Br|      , Xos         , Ur          , Ur          , Ur^Br/      , Ur^Br/      , Xos         , Xos         , Xos         , Ww          , Ww          , Rb          , Rb          , Xos         , Gg^Fp       , Gg          , Gg          , Ww          , Ww          , Ww          , Gs          , Gs          , Gs          , Gs          , Gs          , Gs          , Gs          , Gs          , Ww          , Ww          , Gd          , Xos         , Xos         
Xos         , Gd          , Gd          , Gd          , Ch          , Gd          , Gd          , Gd          , Gd          , Ww          , Gg^Fp       , Gg^Fp       , Gg^Fp       , Ww          , Wog         , Ww          , Ww          , Gg          , Xos         , Ww          , Ww          , Ww          , Ur^Br/      , Ur^Br/      , Ur          , Ur^Br\      , Ur^Br\      , Xos         , Xos         , Ur          , Ur^Br|      , Xos         , Ur^Br/      , Ur^Br/      , Xos         , Xos         , Ur          , Ur          , Ur          , Xos         , Xos         , Ww          , Ww          , Xos         , Xos         , Gg          , Gg          , Ww          , Ww          , Ww          , Gs          , Gs          , Gs          , Gs          , Gs          , Gs          , Ww          , Ww          , Xos         , Gd          , Gd          , Gd          , Xos         
Xos         , Gd          , Gd          , Gd          , 6 Kh        , Gd          , Gd          , Gd          , Xos         , Ww          , Ww          , Gg^Fp       , Gg^Fp       , Ww          , Ww          , Ww          , Gg          , Ww          , Ww          , Ww          , Ur^Br/      , Ur^Br/      , Ur          , Ur          , Ur          , Ur          , Ur          , Ur^Br\      , Ur^Br\      , Xos         , Ur^Br|      , Ur^Br/      , Ur^Br\      , Xos         , Ur          , Ur          , Qlf         , Qlf         , Qlf         , Ur          , Ur          , Xos         , Xos         , Ww          , Gg          , Gg          , Gg          , Ww          , Ww          , Ww          , Ww          , Gs          , Gs          , Gs          , Ww          , Ww          , Xos         , Xos         , Gd          , Gd          , Gd          , Gd          , Xos         
Xos         , Gd          , Gd          , Gd          , Gd          , Gd          , Xos         , Xos         , Ww          , Ww          , Gs          , Ww          , Ww          , Ww          , Ww          , Ww          , Gg          , Gg          , Gg          , Ww^Br/      , Xos         , Ur          , Ur          , Ur          , Qlf         , Qlf         , Qlf         , Ur          , Ur          , Ur^Br\      , Ur^Br\      , Ur          , Ur^Br|      , Ur^Br\      , Ur^Br\      , Ur          , Ur          , Qlf         , Ur          , Ur          , Ur          , Ur          , Ur^Br/      , Ww^Br/      , Ww          , Gg          , Gg          , Ww          , Ww          , Ww          , Gg^Fp       , Ww          , Ww          , Ww          , Xos         , Xos         , Gd          , Gd          , 5 Kh        , Gd          , Gd          , Gd          , Xos         
Xos         , Gd          , Gd          , Gd          , Xos         , Xos         , Ww          , Ww          , Gs          , Gs          , Gs          , Gs          , Gs          , Ww          , Ww          , Ww          , Gg          , Gg          , Xos         , Ww          , Ww          , Xos         , Xos         , Ur          , Ur          , Qlf         , Ur          , Ur          , Xos         , Xos         , Ur^Br/      , Ur^Br/      , Ur^Br|      , Xos         , Xos         , Ur^Br\      , Ur^Br\      , Ur          , Ur          , Ur          , Ur^Br/      , Ur^Br/      , Ww          , Ww          , Xos         , Ww          , Ww          , Ww          , Wog         , Ww          , Gg^Fp       , Gg^Fp       , Gg^Fp       , Ww          , Gd          , Gd          , Gd          , Gd          , Ch          , Gd          , Gd          , Gd          , Xos         
Xos         , Gd          , Gd          , Gd          , Ww          , Ww          , Gs          , Gs          , Gs          , Gs          , Gs          , Gs          , Gs          , Ww          , Ww          , Ww          , Gg          , Gg          , Gg^Fp       , Xos         , Rb          , Ww          , Ww          , Xos         , Xos         , Ur          , Xos         , Xos         , Ur^Br/      , Ur^Br/      , Ur          , Xos         , Ur^Br|      , Ur          , Ur          , Xos         , Xos         , Ur^Br\      , Ur^Br\      , Ur^Br/      , Ww          , Ww          , Ww          , Ww          , Xos         , Gg          , Gg          , Ww          , Wog         , Ww          , Gg^Fp       , Gg^Fp       , Gg^Fp       , Ww          , Gd          , Gd          , Gd          , Gd          , Ch          , Gd          , Gd          , Gd          , Xos         
Xos         , Xos         , Ww          , Ww          , Gs          , Gs          , Gs          , Gs          , Gs          , Gs          , Gs          , Gs          , Gs          , Ww          , Ww          , Ww          , Gg          , Gg          , Gg^Fp       , Xos         , Rb          , Rb          , Rb          , Ww          , Ww          , Xos         , Ur^Br/      , Ur^Br/      , Ur          , Ur          , Ur          , Xos         , Ur^Br|      , Ur          , Qlf         , Ur          , Ur          , Xos         , Ww          , Ww          , Ww          , Ww          , Rb          , Xos         , Gg^Fp       , Gg          , Gg          , Ww          , Wog         , Ww          , Gg^Fp       , Gg^Fp       , Gg^Fp       , Ww          , Gd          , Gd          , Gd          , Gd          , Gd          , Gd          , Gd          , Gd          , Xos         
Xos         , Ww          , Hh          , Hh          , Hh          , Gs          , Gs          , Gs          , Gs          , Gs          , Gs          , Gs          , Gs          , Ww          , Ww          , Ww          , Gg          , Gg          , Gg^Fp       , Xos         , Rb          , Rb          , Rb          , Ww          , Ww          , Ur^Br/      , Ur          , Ur          , Qlf         , Qlf         , Ur          , Xos         , Ur^Br|      , Ur          , Qlf         , Qlf         , Ur          , Xos         , Ww          , Ww          , Rb          , Rb          , Rb          , Xos         , Gg^Fp       , Gg          , Gg          , Ww          , Wog         , Ww          , Gg^Fp       , Gg^Fp       , Gg^Fp       , Ww          , Gd          , Gd          , Gd          , Gd          , Gd          , Gd          , Ww          , Ww          , Xos         
Xos         , Ww          , Hh          , Mm          , Hh          , Gs          , Gs          , Gs          , Gs          , Gs          , Gs          , Gs          , Gs          , Ww          , Ww          , Ww          , Gg          , Gg          , Gg^Fp       , Xos         , Rb          , Rb          , Rb          , Ww          , Ww          , Ur^Br|      , Ur          , Ur          , Qlf         , Qlf         , Ur          , Xos         , Ur^Br|      , Ur          , Ur          , Qlf         , Ur          , Xos         , Ww          , Rb          , Rb          , Rb          , Rb          , Xos         , Gg^Fp       , Gg          , Gg          , Ww          , Wog         , Ww          , Gg^Fp       , Gg^Fp       , Gg^Fp       , Ww          , Gd          , Gd          , Gd          , Gd          , Ww          , Ww          , Ww          , Ww          , Xos         
Xos         , Ww          , Hh          , Mm          , Hh          , Gs          , Gs          , Gs          , Gs          , Gs          , Gs          , Gs          , Gs          , Ww          , Ww          , Ww          , Gg          , Gg          , Gg^Fp       , Xos         , Xos         , Rb          , Rb          , Ww          , Ww          , Ur^Br|      , Ur          , Ur          , Ur          , Ur          , Xos         , Xos         , Ur^Br|      , Ur          , Ur          , Ur          , Ur          , Xos         , Ww          , Rb          , Rb          , Rb          , Xos         , Xos         , Gg^Fp       , Gg          , Gg          , Ww          , Wog         , Ww          , Gg^Fp       , Gg^Fp       , Gg^Fp       , Ww          , Gd          , Gd          , Ww          , Ww          , Ww          , Ww          , Gll         , Gll         , Xos         
Xos         , Ww          , Ww          , Hh          , Gs          , Gs          , Gs          , Gs          , Gs          , Gs          , Gs          , Gs          , Gs          , Ww          , Ww          , Ww          , Gg          , Gg          , Gg          , Gg^Fp       , Gg^Fp       , Xos         , Xos         , Ww          , Ww          , Ur^Br|      , Ur          , Ur          , Xos         , Xos         , Ww          , Ww          , Ww          , Ur^Br\      , Ur^Br\      , Ur          , Ur          , Xos         , Ww          , Rb          , Xos         , Xos         , Gg^Fp       , Gg^Fp       , Gg          , Gg          , Gg          , Ww          , Ww          , Ww          , Gg^Fp       , Gg^Fp       , Gg^Fp       , Ww          , Ww          , Ww          , Ww          , Ww          , Gll         , Gll         , Gll         , Gll         , Xos         
Xos         , Gll         , Gll         , Ww          , Ww          , Gs          , Gs          , Gs          , Gs          , Gs          , Gs          , Gs          , Gs          , Ww          , Ww          , Ww          , Ww          , Gg          , Gg          , Gg          , Gg          , Gg^Fp       , Xos         , Ww          , Ww          , Ur^Br|      , Xos         , Xos         , Ww          , Ww          , Rb          , Ww          , Ww          , Ww          , Ww          , Ur^Br\      , Ur^Br\      , Xos         , Ww          , Xos         , Gg^Fp       , Gg^Fp       , Gg          , Gg          , Gg          , Gg          , Ww          , Ww          , Ww          , Ww          , Ww          , Gg^Fp       , Gg^Fp       , Ww          , Ww          , Ww          , Gll         , Gll         , Gll         , Gll         , Gll         , Gll         , Xos         
Xos         , Gll         , Gll^Gvs     , Gll         , Gll         , Ww          , Ww          , Gs          , Gs          , Gs          , Gs          , Gs          , Gs          , Ww          , Ww          , Ww          , Wog         , Ww          , Ww          , Gg          , Gg          , Gg          , Gg          , Xos         , Ww          , Ww^Br|      , Ww          , Ww          , Rb          , Rb          , Rb          , Rb          , Rb          , Ww          , Ww          , Ww          , Ww          , Ww^Br\      , Gg          , Xos         , Gg          , Gg          , Gg          , Gg          , Ww          , Ww          , Ww          , Ww          , Ww          , Ww          , Gs          , Ww          , Ww          , Ww          , Gll         , Gll         , Gll         , Gll         , Gll         , Gll         , Gll         , Gll         , Xos         
Xos         , Gll         , Gll^Gvs     , Gll^Gvs     , Gll^Gvs     , Gll         , Gll         , Ww          , Ww          , Gs          , Gs          , Gs          , Ww          , Ww          , Gg^Fp       , Ww          , Ww          , Wog         , Wog         , Ww          , Ww          , Gg          , Ww          , Ww          , Gg          , Gg          , Xos         , Xos         , Xos         , Rb          , Rb          , Rb          , Rb          , Rb          , Xos         , Ww          , Xos         , Ww          , Gg          , Gg          , Gg          , Gg          , Ww          , Ww          , Ww          , Ww          , Ww          , Ww          , Gs          , Gs          , Gs          , Gs          , Gs          , Ww          , Gll         , Gll         , Gll         , Gll         , Gll         , Gll         , Gll         , Gll         , Xos         
Xos         , Gll         , Gll         , Gll^Gvs     , Gll^Gvs     , Gll         , Gll         , Gll         , Gll         , Ww          , Ww          , Ww          , Gg^Fp       , Gg^Fp       , Gg^Fp       , Gg^Fp       , Gg^Fp       , Ww          , Ww          , Wog         , Wog         , Ww          , Ww          , Gg          , Gg          , Gg          , Gg          , Gg^Fp       , Gg^Fp       , Xos         , Xos         , Rb          , Xos         , Xos         , Gg^Fp       , Xos         , Gg          , Ww          , Gg          , Gg          , Ww          , Ww          , Ww          , Ww          , Ww          , Ww          , Gs          , Gs          , Gs          , Gs          , Gs          , Gs          , Gs          , Ww          , Gll         , Gll         , Gll         , Gll         , Gll         , Gll         , Gll         , Gll         , Xos         
Xos         , Gll^Fp      , Gll^Fp      , Gll         , Gll         , Gll         , Gll         , Gll         , Gll         , Gll         , Gll         , Ww          , Ww          , Gg^Fp       , Gg^Fp       , Gg^Fp       , Gg^Fp       , Gg^Fp       , Gg^Fp       , Ww          , Ww          , Wog         , Ww          , Ww          , Ww          , Gg          , Gg          , Gg          , Gg          , Gg^Fp       , Gg^Fp       , Xos         , Gg^Fp       , Gg^Fp       , Gg          , Gg          , Gg          , Ww          , Ww          , Ww          , Ww          , Ww          , Ww          , Ww          , Gs          , Gs          , Gs          , Gs          , Gs          , Gs          , Gs          , Gs          , Gs          , Ww          , Gll         , Gll         , Gll         , Gll         , Gll         , Gll         , Gll^Fp      , Gll^Fp      , Xos         
Xos         , Gll^Fp      , Gll^Fp      , Gll^Fp      , Gll^Fp      , Gll         , Gll         , Gll         , Gll         , Gll         , Gll         , Ww          , Ww          , Ww          , Ww          , Gg^Fp       , Gg^Fp       , Gg^Fp       , Gg^Fp       , Gg^Fp       , Gg^Fp       , Ww          , Ww          , Ww          , Ww          , Ww          , Ww          , Gg          , Gg          , Gg          , Gg          , Gg^Fp       , Gg          , Gg          , Gg          , Gg          , Ww          , Ww          , Wog         , Ww          , Ww          , Ww          , Gs          , Gs          , Gs          , Gs          , Gs          , Gs          , Gs          , Gs          , Gs          , Gs          , Gs          , Ww          , Gll         , Gll         , Gll         , Gll         , Gll^Fp      , Gll^Fp      , Gll^Fp      , Gll^Fp      , Xos         
Xos         , Hh^Fp       , Hh^Fp       , Gll^Fp      , Gll^Fp      , Gll         , Gll         , Gll         , Gll         , Gll         , Gll         , Ww          , Ww          , Gd          , Gd          , Ww          , Ww          , Gg^Fp       , Gg^Fp       , Gg^Fp       , Gg^Fp       , Gg^Fp       , Ww          , Ww          , Ww          , Ww          , Ww          , Ww          , Ww          , Gg          , Gg          , Gg          , Gg          , Gg          , Ww          , Ww          , Wog         , Wog         , Ww          , Ww          , Gg^Fp       , Ww          , Gs          , Gs          , Gs          , Gs          , Gs          , Gs          , Gs          , Gs          , Gs          , Gs          , Gs          , Ww          , Gll         , Gll         , Gll^Gvs     , Gll         , Gll^Fp      , Gll^Fp      , Hh^Fp       , Hh^Fp       , Xos         
Xos         , Mm          , Hh^Fp       , Gll^Fp      , Gll^Fp      , Gll         , Gll         , Gll         , Gll         , Gll         , Gll         , Ww          , Ww          , Gd          , Gd          , Gd          , Gd          , Ww          , Ww          , Gg^Fp       , Ww          , Ww          , Gs          , Gs          , Gs          , Ww          , Ww          , Ww          , Ww          , Ww          , Ww          , Gg          , Ww          , Ww          , Wog         , Wog         , Ww          , Ww          , Gg^Fp       , Gg^Fp       , Gg^Fp       , Ww          , Gs          , Gs          , Gs          , Gs          , Gs          , Gs          , Gs          , Gs          , Gs          , Gs          , Gs          , Ww          , Gll         , Gll^Gvs     , Gll^Gvs     , Gll         , Gll^Fp      , Gll^Fp      , Hh^Fp       , Mm          , Xos         
Xos         , Xos         , Xos         , Gll^Fp      , Gll^Fp      , Gll         , Gll         , Gll         , Gll         , Gll         , Gll         , Ww          , Ww          , Gd          , Gd          , Gd          , Gd          , Gd          , Gd          , Ww          , Ww          , Gs          , Gs          , Gs          , Gs          , Gs          , Gs          , Ww          , Ww          , Ww          , Ww          , Ww          , Ww          , Wog         , Ww          , Ww          , Gg^Fp       , Gg^Fp       , Gg^Fp       , Gg^Fp       , Gg^Fp       , Ww          , Ww          , Gs          , Gs          , Gs          , Gs          , Gs          , Gs          , Gs          , Gs          , Gs          , Gs          , Ww          , Gll         , Gll^Gvs     , Gll^Gvs     , Gll         , Gll^Fp      , Gll^Fp      , Xos         , Xos         , Xos         
Xos         , Xos         , Xos         , Xos         , Xos         , Gll         , Gll         , Gll         , Gll         , Gll         , Gll         , Ww          , Ww          , Gd          , Gd          , Gd          , Gd          , Gd          , Gd          , Xos         , Ww          , Gs          , Gs          , Gs          , Gs          , Gs          , Gs          , Gs          , Gs          , Ww          , Ww          , Ww          , Ww          , Ww          , Gg^Fp       , Gg^Fp       , Gg^Fp       , Gg^Fp       , Gg^Fp       , Gg^Fp       , Ww          , Ww          , Xos         , Ww          , Ww          , Gs          , Gs          , Gs          , Gs          , Gs          , Hh          , Hh          , Hh          , Ww          , Gll         , Gll^Gvs     , Gll         , Gll         , Xos         , Xos         , Xos         , Xos         , Xos         
Xos         , Xos         , Xos         , Xos         , Xos         , Xos         , Xos         , Gll         , Gll         , Gll         , Gll         , Ww          , Ww          , Gd          , Gd          , Gd          , Gd          , Gd          , Gd          , Xos         , Ww          , Gs          , Gs          , Gs          , Gs          , Gs          , Gs          , Gs          , Gs          , Gs          , Gs          , Ww          , Ww          , Gg^Fp       , Gg^Fp       , Gg^Fp       , Gg^Fp       , Gg^Fp       , Ww          , Ww          , Gd          , Gd          , Gd          , Xos         , Xos         , Ww          , Ww          , Gs          , Gs          , Hh          , Mm          , Mm          , Hh          , Ww          , Gll         , Gll         , Xos         , Xos         , Xos         , Xos         , Xos         , Xos         , Xos         
Xos         , Xos         , Xos         , Xos         , Xos         , Xos         , Xos         , Xos         , Xos         , Gll         , Gll         , Ww          , Ww          , Gd          , Gd          , Ch          , Ch          , Gd          , Gd          , Xos         , Ww          , Gs          , Gs          , Gs          , Gs          , Gs          , Gs          , Gs          , Gs          , Gs          , Gs          , Gs          , Ww          , Gg^Fp       , Gg^Fp       , Gg^Fp       , Ww          , Ww          , Gd          , Gd          , Gd          , Gd          , Gd          , Gd          , Gd          , Xos         , Xos         , Ww          , Ww          , Hh          , Hh          , Hh          , Ww          , Ww          , Xos         , Xos         , Xos         , Xos         , Xos         , Xos         , Xos         , Xos         , Xos         
Xos         , Xos         , Xos         , Xos         , Xos         , Xos         , Xos         , Xos         , Xos         , Xos         , Xos         , Ww          , Ww          , Gd          , Gd          , Gd          , Gd          , 4 Kh        , Gd          , Xos         , Ww          , Gs          , Gs          , Gs          , Gs          , Gs          , Gs          , Gs          , Gs          , Gs          , Gs          , Gs          , Ww          , Gg^Fp       , Ww          , Ww          , Gd          , Gd          , Gd          , Gd          , Gd          , Gd          , Gd          , Gd          , 2 Kh        , Gd          , Gd          , Gd          , Gd          , Ww          , Ww          , Ww          , Xos         , Xos         , Xos         , Xos         , Xos         , Xos         , Xos         , Xos         , Xos         , Xos         , Xos         
Xos         , Xos         , Xos         , Xos         , Xos         , Xos         , Xos         , Xos         , Xos         , Xos         , Xos         , Xos         , Xos         , Gd          , Gd          , Gd          , Gd          , Gd          , Gd          , Xos         , Ww          , Gs          , Gs          , Gs          , Gs          , Gs          , Gs          , Gs          , Gs          , Gs          , Gs          , Gs          , Ww          , Ww          , Ww          , Ww          , Ww          , Gd          , Gd          , Gd          , Gd          , Gd          , Ch          , Ch          , Gd          , Gd          , Gd          , Gd          , Gd          , Xos         , Xos         , Xos         , Xos         , Xos         , Xos         , Xos         , Xos         , Xos         , Xos         , Xos         , Xos         , Xos         , Xos         
Xos         , Xos         , Xos         , Xos         , Xos         , Xos         , Xos         , Xos         , Xos         , Xos         , Xos         , Xos         , Xos         , Xos         , Xos         , Gd          , Gd          , Gd          , Gd          , Gd          , Ww          , Gs          , Hh          , Gs          , Gs          , Gs          , Gs          , Gs          , Gs          , Gs          , Ww          , Ww          , Gll         , Gll         , Gll         , Ww          , Ww          , Ww          , Ww          , Gd          , Gd          , Gd          , Gd          , Gd          , Gd          , Gd          , Gd          , Gd          , Xos         , Xos         , Xos         , Xos         , Xos         , Xos         , Xos         , Xos         , Xos         , Xos         , Xos         , Xos         , Xos         , Xos         , Xos         
Xos         , Xos         , Xos         , Xos         , Xos         , Xos         , Xos         , Xos         , Xos         , Xos         , Xos         , Xos         , Xos         , Xos         , Xos         , Xos         , Xos         , Gd          , Gd          , Gd          , Ww          , Hh          , Mm          , Hh          , Hh          , Gs          , Gs          , Gs          , Ww          , Ww          , Gll         , Gll         , Gll         , Gll         , Gll         , Gll         , Gll         , Ww          , Ww          , Ww          , Ww          , Gd          , Gd          , Gd          , Gd          , Gd          , Xos         , Xos         , Xos         , Xos         , Xos         , Xos         , Xos         , Xos         , Xos         , Xos         , Xos         , Xos         , Xos         , Xos         , Xos         , Xos         , Xos         
Xos         , Xos         , Xos         , Xos         , Xos         , Xos         , Xos         , Xos         , Xos         , Xos         , Xos         , Xos         , Xos         , Xos         , Xos         , Xos         , Xos         , Xos         , Xos         , Xos         , Ww          , Hh          , Hh          , Mm          , Hh          , Gs          , Ww          , Ww          , Gll         , Gll         , Gll         , Gll         , Gll         , Gll         , Gll         , Gll         , Gll         , Gll         , Gll         , Ww          , Ww          , Ww          , Ww          , Gd          , Xos         , Xos         , Xos         , Xos         , Xos         , Xos         , Xos         , Xos         , Xos         , Xos         , Xos         , Xos         , Xos         , Xos         , Xos         , Xos         , Xos         , Xos         , Xos         
Xos         , Xos         , Xos         , Xos         , Xos         , Xos         , Xos         , Xos         , Xos         , Xos         , Xos         , Xos         , Xos         , Xos         , Xos         , Xos         , Xos         , Xos         , Xos         , Xos         , Xos         , Ww          , Ww          , Hh          , Ww          , Ww          , Gll         , Gll         , Gll^Gvs     , Gll         , Gll         , Gll         , Gll         , Gll         , Gll         , Gll         , Gll         , Gll         , Gll         , Gll         , Gll         , Ww          , Xos         , Xos         , Xos         , Xos         , Xos         , Xos         , Xos         , Xos         , Xos         , Xos         , Xos         , Xos         , Xos         , Xos         , Xos         , Xos         , Xos         , Xos         , Xos         , Xos         , Xos         
Xos         , Xos         , Xos         , Xos         , Xos         , Xos         , Xos         , Xos         , Xos         , Xos         , Xos         , Xos         , Xos         , Xos         , Xos         , Xos         , Xos         , Xos         , Xos         , Xos         , Xos         , Xos         , Xos         , Ww          , Gll         , Gll         , Gll^Gvs     , Gll^Gvs     , Gll^Gvs     , Gll^Gvs     , Gll         , Gll         , Gll         , Gll         , Gll         , Gll         , Gll         , Gll         , Gll         , Gll         , Xos         , Xos         , Xos         , Xos         , Xos         , Xos         , Xos         , Xos         , Xos         , Xos         , Xos         , Xos         , Xos         , Xos         , Xos         , Xos         , Xos         , Xos         , Xos         , Xos         , Xos         , Xos         , Xos         
Xos         , Xos         , Xos         , Xos         , Xos         , Xos         , Xos         , Xos         , Xos         , Xos         , Xos         , Xos         , Xos         , Xos         , Xos         , Xos         , Xos         , Xos         , Xos         , Xos         , Xos         , Xos         , Xos         , Xos         , Xos         , Gll         , Gll         , Gll^Gvs     , Gll         , Gll         , Gll^Fp      , Gll^Fp      , Gll^Fp      , Gll         , Gll         , Gll         , Gll         , Gll         , Xos         , Xos         , Xos         , Xos         , Xos         , Xos         , Xos         , Xos         , Xos         , Xos         , Xos         , Xos         , Xos         , Xos         , Xos         , Xos         , Xos         , Xos         , Xos         , Xos         , Xos         , Xos         , Xos         , Xos         , Xos         
Xos         , Xos         , Xos         , Xos         , Xos         , Xos         , Xos         , Xos         , Xos         , Xos         , Xos         , Xos         , Xos         , Xos         , Xos         , Xos         , Xos         , Xos         , Xos         , Xos         , Xos         , Xos         , Xos         , Xos         , Xos         , Xos         , Xos         , Gll         , Gll^Fp      , Gll^Fp      , Gll^Fp      , Gll^Fp      , Gll^Fp      , Gll^Fp      , Gll^Fp      , Gll         , Xos         , Xos         , Xos         , Xos         , Xos         , Xos         , Xos         , Xos         , Xos         , Xos         , Xos         , Xos         , Xos         , Xos         , Xos         , Xos         , Xos         , Xos         , Xos         , Xos         , Xos         , Xos         , Xos         , Xos         , Xos         , Xos         , Xos         
Xos         , Xos         , Xos         , Xos         , Xos         , Xos         , Xos         , Xos         , Xos         , Xos         , Xos         , Xos         , Xos         , Xos         , Xos         , Xos         , Xos         , Xos         , Xos         , Xos         , Xos         , Xos         , Xos         , Xos         , Xos         , Xos         , Xos         , Xos         , Xos         , Gll^Fp      , Hh^Fp       , Hh^Fp       , Hh^Fp       , Gll^Fp      , Xos         , Xos         , Xos         , Xos         , Xos         , Xos         , Xos         , Xos         , Xos         , Xos         , Xos         , Xos         , Xos         , Xos         , Xos         , Xos         , Xos         , Xos         , Xos         , Xos         , Xos         , Xos         , Xos         , Xos         , Xos         , Xos         , Xos         , Xos         , Xos         
Xos         , Xos         , Xos         , Xos         , Xos         , Xos         , Xos         , Xos         , Xos         , Xos         , Xos         , Xos         , Xos         , Xos         , Xos         , Xos         , Xos         , Xos         , Xos         , Xos         , Xos         , Xos         , Xos         , Xos         , Xos         , Xos         , Xos         , Xos         , Xos         , Xos         , Xos         , Mm          , Xos         , Xos         , Xos         , Xos         , Xos         , Xos         , Xos         , Xos         , Xos         , Xos         , Xos         , Xos         , Xos         , Xos         , Xos         , Xos         , Xos         , Xos         , Xos         , Xos         , Xos         , Xos         , Xos         , Xos         , Xos         , Xos         , Xos         , Xos         , Xos         , Xos         , Xos         
Xos         , Xos         , Xos         , Xos         , Xos         , Xos         , Xos         , Xos         , Xos         , Xos         , Xos         , Xos         , Xos         , Xos         , Xos         , Xos         , Xos         , Xos         , Xos         , Xos         , Xos         , Xos         , Xos         , Xos         , Xos         , Xos         , Xos         , Xos         , Xos         , Xos         , Xos         , Xos         , Xos         , Xos         , Xos         , Xos         , Xos         , Xos         , Xos         , Xos         , Xos         , Xos         , Xos         , Xos         , Xos         , Xos         , Xos         , Xos         , Xos         , Xos         , Xos         , Xos         , Xos         , Xos         , Xos         , Xos         , Xos         , Xos         , Xos         , Xos         , Xos         , Xos         , Xos         
