border_size=1
usage=map

Qxu         , Qxu         , Qxu         , Qxu         , Qxu         , Qxu         , Qxu         , Qxu         , Qxu         , Qxu         , Qxu         , Qxu         , Qxu         , Qxu         , Qxu         , Qxu         , Qxu         , Qxu         , Qxu         , Qxu         , Qxu         , Qxu         , Qxu         , Qxu         , Qxu         , Qxu         , Qxu         , Qxu         , Qxu         , Qxu         , Qxu         , Qxu         , Qxu         , Qxu         , Qxu         , Qxu         , Qxu         , Qxu         , Qxu         , Qxu         , Qxu         , Qxu         , Qxu         , Qxu         , Qxu         , Qxu         , Qxu         , Qxu         , Qxu         , Qxu         , Qxu         , Qxu         , Qxu         , Qxu         , Qxu         , Qxu         , Qxu         , Qxu         , Qxu         , Qxu         , Qxu         , Qxu         , Qxu         
Qxu         , Qxu         , Qxu         , Qxu         , Qxu         , Qxu         , Qxu         , Qxu         , Qxu         , Qxu         , Qxu         , Qxu         , Qxu         , Qxu         , Qxu         , Qxu         , Qxu         , Qxu         , Qxu         , Qxu         , Qxu         , Qxu         , Qxu         , Qxu         , Qxu         , Qxu         , Qxu         , Qxu         , Qxu         , Qxu         , Xos         , Xos         , Xos         , Qxu         , Qxu         , Qxu         , Qxu         , Qxu         , Qxu         , Qxu         , Qxu         , Qxu         , Qxu         , Qxu         , Qxu         , Qxu         , Qxu         , Qxu         , Qxu         , Qxu         , Qxu         , Qxu         , Qxu         , Qxu         , Qxu         , Qxu         , Qxu         , Qxu         , Qxu         , Qxu         , Qxu         , Qxu         , Qxu         
Qxu         , Qxu         , Qxu         , Qxu         , Qxu         , Qxu         , Qxu         , Qxu         , Qxu         , Qxu         , Qxu         , Qxu         , Qxu         , Qxu         , Qxu         , Qxu         , Qxu         , Qxu         , Qxu         , Qxu         , Qxu         , Qxu         , Qxu         , Qxu         , Qxu         , Qxu         , Qxu         , Qxu         , Xos         , Xos         , Wog         , Wog         , Wog         , Xos         , Xos         , Qxu         , Qxu         , Qxu         , Qxu         , Qxu         , Qxu         , Qxu         , Qxu         , Qxu         , Qxu         , Qxu         , Qxu         , Qxu         , Qxu         , Qxu         , Qxu         , Qxu         , Qxu         , Qxu         , Qxu         , Qxu         , Qxu         , Qxu         , Qxu         , Qxu         , Qxu         , Qxu         , Qxu         
Qxu         , Qxu         , Qxu         , Qxu         , Qxu         , Qxu         , Qxu         , Qxu         , Qxu         , Qxu         , Qxu         , Qxu         , Qxu         , Qxu         , Qxu         , Qxu         , Qxu         , Qxu         , Qxu         , Qxu         , Qxu         , Qxu         , Qxu         , Qxu         , Qxu         , Qxu         , Xos         , Xos         , Wog         , Wog         , Wog         , Wog         , Wog         , Wog         , Wog         , Xos         , Xos         , Qxu         , Qxu         , Qxu         , Qxu         , Qxu         , Qxu         , Qxu         , Qxu         , Qxu         , Qxu         , Qxu         , Qxu         , Qxu         , Qxu         , Qxu         , Qxu         , Qxu         , Qxu         , Qxu         , Qxu         , Qxu         , Qxu         , Qxu         , Qxu         , Qxu         , Qxu         
Qxu         , Qxu         , Qxu         , Qxu         , Qxu         , Qxu         , Qxu         , Qxu         , Qxu         , Qxu         , Qxu         , Qxu         , Qxu         , Qxu         , Qxu         , Qxu         , Qxu         , Qxu         , Qxu         , Qxu         , Qxu         , Qxu         , Qxu         , Qxu         , Xos         , Xos         , Wog         , Wog         , Wog         , Wog         , Wog         , Wog         , Wog         , Wog         , Wog         , Wog         , Wog         , Xos         , Xos         , Qxu         , Qxu         , Qxu         , Qxu         , Qxu         , Qxu         , Qxu         , Qxu         , Qxu         , Qxu         , Qxu         , Qxu         , Qxu         , Qxu         , Qxu         , Qxu         , Qxu         , Qxu         , Qxu         , Qxu         , Qxu         , Qxu         , Qxu         , Qxu         
Qxu         , Qxu         , Qxu         , Qxu         , Qxu         , Qxu         , Qxu         , Qxu         , Qxu         , Qxu         , Qxu         , Qxu         , Qxu         , Qxu         , Qxu         , Qxu         , Qxu         , Qxu         , Qxu         , Qxu         , Qxu         , Qxu         , Xos         , Xos         , Wog         , Wog         , Wog         , Wog         , Wog         , Wog         , Wog         , Wog         , Wog         , Wog         , Wog         , Wog         , Wog         , Wog         , Wog         , Xos         , Xos         , Qxu         , Qxu         , Qxu         , Qxu         , Qxu         , Qxu         , Qxu         , Qxu         , Qxu         , Qxu         , Qxu         , Qxu         , Qxu         , Qxu         , Qxu         , Qxu         , Qxu         , Qxu         , Qxu         , Qxu         , Qxu         , Qxu         
Qxu         , Qxu         , Qxu         , Qxu         , Qxu         , Qxu         , Qxu         , Qxu         , Qxu         , Qxu         , Qxu         , Qxu         , Qxu         , Qxu         , Qxu         , Qxu         , Qxu         , Qxu         , Qxu         , Qxu         , Xos         , Xos         , Wog         , Wog         , Wog         , Wog         , Wog         , Wog         , Wog         , Wog         , Xos         , Xos         , Xos         , Wog         , Wog         , Wog         , Wog         , Wog         , Wog         , Wog         , Wog         , Xos         , Xos         , Qxu         , Qxu         , Qxu         , Qxu         , Qxu         , Qxu         , Qxu         , Qxu         , Qxu         , Qxu         , Qxu         , Qxu         , Qxu         , Qxu         , Qxu         , Qxu         , Qxu         , Qxu         , Qxu         , Qxu         
Qxu         , Qxu         , Qxu         , Qxu         , Qxu         , Qxu         , Qxu         , Qxu         , Qxu         , Qxu         , Qxu         , Qxu         , Qxu         , Qxu         , Qxu         , Qxu         , Qxu         , Qxu         , Xos         , Xos         , Wog         , Wog         , Wog         , Wog         , Wog         , Wog         , Wog         , Wog         , Xos         , Xos         , Xos         , Xos         , Xos         , Xos         , Xos         , Wog         , Wog         , Wog         , Wog         , Wog         , Wog         , Wog         , Wog         , Xos         , Xos         , Qxu         , Qxu         , Qxu         , Qxu         , Qxu         , Qxu         , Qxu         , Qxu         , Qxu         , Qxu         , Qxu         , Qxu         , Qxu         , Qxu         , Qxu         , Qxu         , Qxu         , Qxu         
Qxu         , Qxu         , Qxu         , Qxu         , Qxu         , Qxu         , Qxu         , Qxu         , Qxu         , Qxu         , Qxu         , Qxu         , Qxu         , Qxu         , Qxu         , Qxu         , Xos         , Xos         , Wog         , Wog         , Wog         , Wog         , Wog         , Wog         , Wog         , Wog         , Wog         , Xos         , Xos         , Xos         , Ch          , Ch          , Ch          , Xos         , Xos         , Xos         , Wog         , Wog         , Wog         , Wog         , Wog         , Wog         , Wog         , Wog         , Wog         , Xos         , Xos         , Qxu         , Qxu         , Qxu         , Qxu         , Qxu         , Qxu         , Qxu         , Qxu         , Qxu         , Qxu         , Qxu         , Qxu         , Qxu         , Qxu         , Qxu         , Qxu         
Qxu         , Qxu         , Qxu         , Qxu         , Qxu         , Qxu         , Qxu         , Qxu         , Qxu         , Qxu         , Qxu         , Qxu         , Qxu         , Qxu         , Xos         , Xos         , Wog         , Wog         , Wog         , Wog         , Wog         , Wog         , Wog         , Wog         , Xos         , Wog         , Wog         , Wog         , Gd          , Ch          , Gd          , 1 Kh        , Gd          , Ch          , Gd          , Wog         , Wog         , Wog         , Xos         , Wog         , Wog         , Wog         , Wog         , Wog         , Wog         , Wog         , Wog         , Xos         , Xos         , Qxu         , Qxu         , Qxu         , Qxu         , Qxu         , Qxu         , Qxu         , Qxu         , Qxu         , Qxu         , Qxu         , Qxu         , Qxu         , Qxu         
Qxu         , Qxu         , Qxu         , Qxu         , Qxu         , Qxu         , Qxu         , Qxu         , Qxu         , Qxu         , Qxu         , Qxu         , Xos         , Xos         , Wog         , Wog         , Wog         , Wog         , Wog         , Wog         , Wog         , Wog         , Xos         , Xos         , Xos         , Xos         , Wog         , Wog         , Gd          , Gd          , Gd          , Gd          , Gd          , Gd          , Gd          , Wog         , Wog         , Xos         , Xos         , Xos         , Xos         , Wog         , Wog         , Wog         , Wog         , Wog         , Wog         , Wog         , Wog         , Xos         , Xos         , Qxu         , Qxu         , Qxu         , Qxu         , Qxu         , Qxu         , Qxu         , Qxu         , Qxu         , Qxu         , Qxu         , Qxu         
Qxu         , Qxu         , Qxu         , Qxu         , Qxu         , Qxu         , Qxu         , Qxu         , Qxu         , Qxu         , Xos         , Xos         , Wog         , Wog         , Wog         , Wog         , Wog         , Wog         , Wog         , Wog         , Xos         , Xos         , Xos         , Xos         , Wog         , Wog         , Wog         , Wog         , Gd          , Gd          , Gd          , Gd          , Gd          , Gd          , Gd          , Wog         , Wog         , Wog         , Wog         , Xos         , Xos         , Xos         , Xos         , Wog         , Wog         , Wog         , Wog         , Wog         , Wog         , Wog         , Wog         , Xos         , Xos         , Qxu         , Qxu         , Qxu         , Qxu         , Qxu         , Qxu         , Qxu         , Qxu         , Qxu         , Qxu         
Qxu         , Qxu         , Qxu         , Qxu         , Qxu         , Qxu         , Qxu         , Qxu         , Xos         , Xos         , Wog         , Wog         , Wog         , Wog         , Wog         , Wog         , Wog         , Wog         , Xos         , Xos         , Xos         , Xos         , Wog         , Wog         , Wog         , Wog         , Wog         , Wog         , Gd          , Gd          , Gd          , Gd          , Gd          , Gd          , Gd          , Wog         , Wog         , Wog         , Wog         , Wog         , Wog         , Xos         , Xos         , Xos         , Xos         , Wog         , Wog         , Wog         , Wog         , Wog         , Wog         , Wog         , Wog         , Xos         , Xos         , Qxu         , Qxu         , Qxu         , Qxu         , Qxu         , Qxu         , Qxu         , Qxu         
Qxu         , Qxu         , Qxu         , Qxu         , Qxu         , Qxu         , Xos         , Xos         , Wog         , Wog         , Wog         , Wog         , Wog         , Wog         , Wog         , Wog         , Xos         , Xos         , Xos         , Xos         , Wog         , Wog         , Wog         , Wog         , Wog         , Wog         , Gg          , Gg          , Gd          , Gd          , Gd          , Gd          , Gd          , Gd          , Gd          , Gg          , Gg          , Wog         , Wog         , Wog         , Wog         , Wog         , Wog         , Xos         , Xos         , Xos         , Xos         , Wog         , Wog         , Wog         , Wog         , Wog         , Wog         , Wog         , Wog         , Xos         , Xos         , Qxu         , Qxu         , Qxu         , Qxu         , Qxu         , Qxu         
Qxu         , Qxu         , Qxu         , Qxu         , Xos         , Xos         , Wog         , Wog         , Wog         , Wog         , Wog         , Wog         , Wog         , Wog         , Xos         , Xos         , Xos         , Xos         , Wog         , Wog         , Wog         , Wog         , Wog         , Wog         , Gg          , Gg          , Gg          , Gg          , Gg          , Gd          , Gd          , Gd          , Gd          , Gd          , Gg          , Gg          , Gg          , Gg          , Gg          , Wog         , Wog         , Wog         , Wog         , Wog         , Wog         , Xos         , Xos         , Xos         , Xos         , Wog         , Wog         , Wog         , Wog         , Wog         , Wog         , Wog         , Wog         , Xos         , Xos         , Qxu         , Qxu         , Qxu         , Qxu         
Qxu         , Qxu         , Xos         , Xos         , Wog         , Wog         , Wog         , Wog         , Wog         , Wog         , Wog         , Wog         , Wog         , Xos         , Xos         , Xos         , Wog         , Wog         , Wog         , Wog         , Wog         , Wog         , Wog         , Wog         , Gg          , Gg          , Gg          , Gg          , Gg^Fp       , Gg^Fp       , Gg          , Gd          , Gg          , Gg^Fp       , Gg^Fp       , Gg          , Gg          , Gg          , Gg          , Wog         , Wog         , Wog         , Wog         , Wog         , Wog         , Wog         , Wog         , Xos         , Xos         , Xos         , Wog         , Wog         , Wog         , Wog         , Wog         , Wog         , Wog         , Wog         , Wog         , Xos         , Xos         , Qxu         , Qxu         
Qxu         , Xos         , Wog         , Wog         , Wog         , Wog         , Wog         , Wog         , Wog         , Wog         , Xos         , Wog         , Wog         , Xos         , Wog         , Wog         , Wog         , Wog         , Wog         , Wog         , Wog         , Wog         , Wog         , Wog         , Gg          , Gg          , Gg^Fp       , Gg^Fp       , Gg^Fp       , Gg^Fp       , Gg          , Gg          , Gg          , Gg^Fp       , Gg^Fp       , Gg^Fp       , Gg^Fp       , Gg          , Gg          , Wog         , Wog         , Wog         , Wog         , Wog         , Wog         , Wog         , Wog         , Wog         , Wog         , Xos         , Wog         , Wog         , Xos         , Wog         , Wog         , Wog         , Wog         , Wog         , Wog         , Wog         , Wog         , Xos         , Qxu         
Qxu         , Xos         , Wog         , Wog         , Wog         , Wog         , Wog         , Wog         , Xos         , Xos         , Xos         , Wog         , Wog         , Wog         , Wog         , Wog         , Wog         , Wog         , Gg          , Wog         , Wog         , Wog         , Wog         , Wog         , Gg^Fp       , Gg^Fp       , Gg^Fp       , Gg^Fp       , Xu          , Xu          , Gg          , Gg          , Gg          , Xu          , Xu          , Gg^Fp       , Gg^Fp       , Gg^Fp       , Gg^Fp       , Wog         , Wog         , Wog         , Wog         , Wog         , Gg          , Wog         , Wog         , Wog         , Wog         , Wog         , Wog         , Wog         , Xos         , Xos         , Xos         , Wog         , Wog         , Wog         , Wog         , Wog         , Wog         , Xos         , Qxu         
Qxu         , Xos         , Wog         , Wog         , Wog         , Wog         , Xos         , Xos         , Xos         , Xos         , Ch          , Gd          , Gd          , Wog         , Wog         , Wog         , Gg          , Gg          , Gg          , Gg          , Gg          , Wog         , Wog         , Wog         , Gg^Fp       , Gg^Fp       , Xu          , Xu          , Wwt         , Gg          , Gg          , Gg          , Gg          , Gg          , Wwt         , Xu          , Xu          , Gg^Fp       , Gg^Fp       , Wog         , Wog         , Wog         , Gg          , Gg          , Gg          , Gg          , Gg          , Wog         , Wog         , Wog         , Gd          , Gd          , Ch          , Xos         , Xos         , Xos         , Xos         , Wog         , Wog         , Wog         , Wog         , Xos         , Qxu         
Qxu         , Xos         , Wog         , Wog         , Wog         , Wog         , Xos         , Xos         , Ch          , Ch          , Gd          , Gd          , Gd          , Gd          , Gd          , Gg          , Gg          , Gg          , Gg          , Gg          , Gg^Fp       , Gg^Fp       , Gg^Fp       , Wog         , Xu          , Xu          , Wwt         , Wwt         , Wwt         , Gg          , Gg          , Gg          , Gg          , Gg          , Wwt         , Wwt         , Wwt         , Xu          , Xu          , Wog         , Gg^Fp       , Gg^Fp       , Gg^Fp       , Gg          , Gg          , Gg          , Gg          , Gg          , Gd          , Gd          , Gd          , Gd          , Gd          , Ch          , Ch          , Xos         , Xos         , Wog         , Wog         , Wog         , Wog         , Xos         , Qxu         
Qxu         , Xos         , Wog         , Wog         , Wog         , Wog         , Xos         , Xos         , Ch          , 6 Kh        , Gd          , Gd          , Gd          , Gd          , Gd          , Gd          , Gg          , Gg          , Gg^Fp       , Gg^Fp       , Gg^Fp       , Gg^Fp       , Xu          , Xu          , Gg          , Gg          , Gg          , Wwt         , Wwt         , Gg          , Gg          , Gg          , Gg          , Gg          , Wwt         , Wwt         , Gg          , Gg          , Gg          , Xu          , Xu          , Gg^Fp       , Gg^Fp       , Gg^Fp       , Gg^Fp       , Gg          , Gg          , Gd          , Gd          , Gd          , Gd          , Gd          , Gd          , 2 Kh        , Ch          , Xos         , Xos         , Wog         , Wog         , Wog         , Wog         , Xos         , Qxu         
Qxu         , Xos         , Wog         , Wog         , Wog         , Wog         , Xos         , Xos         , Ch          , Gd          , Gd          , Gd          , Gd          , Gd          , Gd          , Gd          , Gg^Fp       , Gg^Fp       , Gg^Fp       , Gg^Fp       , Xu          , Xu          , Wwt         , Gg          , Gg          , Gg          , Gg          , Gg          , Xu          , Xu          , Gg          , Gg          , Gg          , Xu          , Xu          , Gg          , Gg          , Gg          , Gg          , Gg          , Wwt         , Xu          , Xu          , Gg^Fp       , Gg^Fp       , Gg^Fp       , Gg^Fp       , Gd          , Gd          , Gd          , Gd          , Gd          , Gd          , Gd          , Ch          , Xos         , Xos         , Wog         , Wog         , Wog         , Wog         , Xos         , Qxu         
Qxu         , Xos         , Wog         , Wog         , Wog         , Wog         , Xos         , Xos         , Gd          , Gd          , Gd          , Gd          , Gd          , Gd          , Gd          , Gd          , Gg          , Gg^Fp       , Xu          , Xu          , Wwt         , Wwt         , Wwt         , Gg          , Gg          , Gg          , Hh          , Hh          , Xu          , Xu          , Gg          , Gg          , Gg          , Xu          , Xu          , Hh          , Hh          , Gg          , Gg          , Gg          , Wwt         , Wwt         , Wwt         , Xu          , Xu          , Gg^Fp       , Gg          , Gd          , Gd          , Gd          , Gd          , Gd          , Gd          , Gd          , Gd          , Xos         , Xos         , Wog         , Wog         , Wog         , Wog         , Xos         , Qxu         
Qxu         , Xos         , Wog         , Wog         , Wog         , Wog         , Wog         , Wog         , Wog         , Gd          , Gd          , Gd          , Gd          , Gd          , Gd          , Gd          , Gg          , Gg          , Gg          , Gg          , Gg          , Wwt         , Wwt         , Gg          , Hh          , Hh          , Mm          , Mm          , Xu          , Xu          , Uu          , Uu          , Uu          , Xu          , Xu          , Mm          , Mm          , Hh          , Hh          , Gg          , Wwt         , Wwt         , Gg          , Gg          , Gg          , Gg          , Gg          , Gd          , Gd          , Gd          , Gd          , Gd          , Gd          , Gd          , Wog         , Wog         , Wog         , Wog         , Wog         , Wog         , Wog         , Xos         , Qxu         
Qxu         , Xos         , Wog         , Wog         , Wog         , Wog         , Wog         , Wog         , Wog         , Wog         , Wog         , Gd          , Gd          , Gd          , Gg^Fp       , Gg          , Gg          , Gg          , Gg          , Gg          , Gg          , Gg          , Xu          , Xu          , Xu          , Mm          , Xu          , Xu          , Xu          , Uu          , Uu          , Uu          , Uu          , Uu          , Xu          , Xu          , Xu          , Mm          , Xu          , Xu          , Xu          , Gg          , Gg          , Gg          , Gg          , Gg          , Gg          , Gg          , Gg^Fp       , Gd          , Gd          , Gd          , Wog         , Wog         , Wog         , Wog         , Wog         , Wog         , Wog         , Wog         , Wog         , Xos         , Qxu         
Qxu         , Xos         , Wog         , Wog         , Wog         , Wog         , Xos         , Xos         , Wog         , Wog         , Wog         , Gg          , Gg          , Gg          , Gg^Fp       , Gg^Fp       , Xu          , Gg          , Gg          , Gg          , Gg          , Gg          , Gg          , Xu          , Xu          , Xu          , Xu          , Xu          , Xu          , Uu          , Uu          , Uu          , Uu          , Uu          , Xu          , Xu          , Xu          , Xu          , Xu          , Xu          , Gg          , Gg          , Gg          , Gg          , Gg          , Gg          , Xu          , Gg^Fp       , Gg^Fp       , Gg          , Gg          , Gg          , Wog         , Wog         , Wog         , Xos         , Xos         , Wog         , Wog         , Wog         , Wog         , Xos         , Qxu         
Qxu         , Xos         , Wog         , Wog         , Wog         , Wog         , Xos         , Xos         , Wog         , Wog         , Wog         , Gg          , Gg          , Gg          , Gg^Fp       , Gg^Fp       , Xu          , Gg          , Gg          , Gg          , Gg          , Gg          , Gg          , Gg          , Uu          , Uu          , Uu          , Xu          , Xu          , Uu          , Uu          , Uu          , Uu          , Uu          , Xu          , Xu          , Uu          , Uu          , Uu          , Gg          , Gg          , Gg          , Gg          , Gg          , Gg          , Gg          , Xu          , Gg^Fp       , Gg^Fp       , Gg          , Gg          , Gg          , Wog         , Wog         , Wog         , Xos         , Xos         , Wog         , Wog         , Wog         , Wog         , Xos         , Qxu         
Qxu         , Xos         , Wog         , Wog         , Wog         , Wog         , Xos         , Xos         , Wog         , Wog         , Wog         , Gg          , Gg          , Gg          , Gg^Fp       , Gg^Fp       , Xu          , Wwt         , Wwt         , Gg          , Xu          , Gg          , Gg          , Uu          , Uu          , Uu          , Uu          , Uu          , Xu          , Xu          , Uu          , Uu          , Uu          , Xu          , Xu          , Uu          , Uu          , Uu          , Uu          , Uu          , Gg          , Gg          , Xu          , Gg          , Wwt         , Wwt         , Xu          , Gg^Fp       , Gg^Fp       , Gg          , Gg          , Gg          , Wog         , Wog         , Wog         , Xos         , Xos         , Wog         , Wog         , Wog         , Wog         , Xos         , Qxu         
Qxu         , Xos         , Wog         , Wog         , Wog         , Wog         , Xos         , Xos         , Wog         , Wog         , Wog         , Gg          , Gg          , Gg          , Gg^Fp       , Gg^Fp       , Xu          , Wwt         , Wwt         , Wwt         , Xu          , Xu          , Xu          , Uu          , Uu          , Uu          , Uu          , Uu          , Uu          , Xu          , Uu          , Uu          , Uu          , Xu          , Uu          , Uu          , Uu          , Uu          , Uu          , Uu          , Xu          , Xu          , Xu          , Wwt         , Wwt         , Wwt         , Xu          , Gg^Fp       , Gg^Fp       , Gg          , Gg          , Gg          , Wog         , Wog         , Wog         , Xos         , Xos         , Wog         , Wog         , Wog         , Wog         , Xos         , Qxu         
Qxu         , Xos         , Wog         , Wog         , Wog         , Wog         , Xos         , Xos         , Wog         , Wog         , Wog         , Wog         , Wog         , Gg          , Gg^Fp       , Gg^Fp       , Xu          , Wwt         , Gg          , Gg          , Hh          , Xu          , Xu          , Uu          , Uu          , Uu          , Uu          , Uu          , Uu          , Uu          , Uu          , Uu          , Uu          , Uu          , Uu          , Uu          , Uu          , Uu          , Uu          , Uu          , Xu          , Xu          , Hh          , Gg          , Gg          , Wwt         , Xu          , Gg^Fp       , Gg^Fp       , Gg          , Wog         , Wog         , Wog         , Wog         , Wog         , Xos         , Xos         , Wog         , Wog         , Wog         , Wog         , Xos         , Qxu         
Qxu         , Xos         , Wog         , Wog         , Wog         , Wog         , Xos         , Xos         , Wog         , Wog         , Wog         , Wog         , Wog         , Wog         , Wog         , Gg^Fp       , Xu          , Gg          , Gg          , Gg          , Hh          , Mm          , Xu          , Xu          , Xu          , Uu          , Xu          , Uu          , Uu          , Uu          , Qxu         , Qxu         , Qxu         , Uu          , Uu          , Uu          , Xu          , Uu          , Xu          , Xu          , Xu          , Mm          , Hh          , Gg          , Gg          , Gg          , Xu          , Gg^Fp       , Wog         , Wog         , Wog         , Wog         , Wog         , Wog         , Wog         , Xos         , Xos         , Wog         , Wog         , Wog         , Wog         , Xos         , Qxu         
Qxu         , Xos         , Wog         , Wog         , Wog         , Wog         , Xos         , Xos         , Wog         , Wog         , Wog         , Wog         , Wog         , Wog         , Wog         , Wog         , Xu          , Gg          , Gg          , Gg          , Hh          , Mm          , Xu          , Xu          , Xu          , Xu          , Xu          , Xu          , Uu          , Uu          , Qxu         , Wwt         , Qxu         , Uu          , Uu          , Xu          , Xu          , Xu          , Xu          , Xu          , Xu          , Mm          , Hh          , Gg          , Gg          , Gg          , Xu          , Wog         , Wog         , Wog         , Wog         , Wog         , Wog         , Wog         , Wog         , Xos         , Xos         , Wog         , Wog         , Wog         , Wog         , Xos         , Qxu         
Qxu         , Xos         , Wog         , Wog         , Wog         , Wog         , Xos         , Xos         , Wog         , Wog         , Wog         , Wog         , Wog         , Wog         , Gg^Fp       , Gg^Fp       , Xu          , Gg          , Gg          , Gg          , Hh          , Mm          , Xu          , Xu          , Uu          , Uu          , Uu          , Uu          , Uu          , Uu          , Uu          , Qxu         , Uu          , Uu          , Uu          , Uu          , Uu          , Uu          , Uu          , Xu          , Xu          , Mm          , Hh          , Gg          , Gg          , Gg          , Xu          , Gg^Fp       , Gg^Fp       , Wog         , Wog         , Wog         , Wog         , Wog         , Wog         , Xos         , Xos         , Wog         , Wog         , Wog         , Wog         , Xos         , Qxu         
Qxu         , Xos         , Wog         , Wog         , Wog         , Wog         , Xos         , Xos         , Wog         , Wog         , Wog         , Wog         , Gg          , Gg          , Gg^Fp       , Gg^Fp       , Xu          , Wwt         , Wwt         , Gg          , Xu          , Xu          , Xu          , Uu          , Uu          , Uu          , Uu          , Uu          , Uu          , Uu          , Uu          , Uu          , Uu          , Uu          , Uu          , Uu          , Uu          , Uu          , Uu          , Uu          , Xu          , Xu          , Xu          , Gg          , Wwt         , Wwt         , Xu          , Gg^Fp       , Gg^Fp       , Gg          , Gg          , Wog         , Wog         , Wog         , Wog         , Xos         , Xos         , Wog         , Wog         , Wog         , Wog         , Xos         , Qxu         
Qxu         , Xos         , Wog         , Wog         , Wog         , Wog         , Xos         , Xos         , Wog         , Wog         , Wog         , Gg          , Gg          , Gg          , Gg^Fp       , Gg^Fp       , Xu          , Wwt         , Wwt         , Wwt         , Xu          , Xu          , Gg          , Uu          , Uu          , Uu          , Uu          , Uu          , Xu          , Xu          , Uu          , Uu          , Uu          , Xu          , Xu          , Uu          , Uu          , Uu          , Uu          , Uu          , Gg          , Xu          , Xu          , Wwt         , Wwt         , Wwt         , Xu          , Gg^Fp       , Gg^Fp       , Gg          , Gg          , Gg          , Wog         , Wog         , Wog         , Xos         , Xos         , Wog         , Wog         , Wog         , Wog         , Xos         , Qxu         
Qxu         , Xos         , Wog         , Wog         , Wog         , Wog         , Xos         , Xos         , Wog         , Wog         , Wog         , Gg          , Gg          , Gg          , Gg^Fp       , Gg^Fp       , Xu          , Wwt         , Gg          , Gg          , Gg          , Gg          , Gg          , Uu          , Uu          , Uu          , Uu          , Uu          , Xu          , Xu          , Uu          , Uu          , Uu          , Xu          , Xu          , Uu          , Uu          , Uu          , Uu          , Uu          , Gg          , Gg          , Gg          , Gg          , Gg          , Wwt         , Xu          , Gg^Fp       , Gg^Fp       , Gg          , Gg          , Gg          , Wog         , Wog         , Wog         , Xos         , Xos         , Wog         , Wog         , Wog         , Wog         , Xos         , Qxu         
Qxu         , Xos         , Wog         , Wog         , Wog         , Wog         , Xos         , Xos         , Wog         , Wog         , Wog         , Gg          , Gg          , Gg          , Gg^Fp       , Gg^Fp       , Xu          , Gg          , Gg          , Gg          , Gg          , Gg          , Gg          , Gg          , Xu          , Uu          , Xu          , Xu          , Xu          , Uu          , Uu          , Uu          , Uu          , Uu          , Xu          , Xu          , Xu          , Uu          , Xu          , Gg          , Gg          , Gg          , Gg          , Gg          , Gg          , Gg          , Xu          , Gg^Fp       , Gg^Fp       , Gg          , Gg          , Gg          , Wog         , Wog         , Wog         , Xos         , Xos         , Wog         , Wog         , Wog         , Wog         , Xos         , Qxu         
Qxu         , Xos         , Wog         , Wog         , Wog         , Wog         , Wog         , Xos         , Wog         , Wog         , Wog         , Gg          , Gd          , Gg          , Gg^Fp       , Gg^Fp       , Gg          , Gg          , Gg          , Gg          , Gg          , Gg          , Xu          , Xu          , Xu          , Xu          , Xu          , Xu          , Xu          , Uu          , Uu          , Uu          , Uu          , Uu          , Xu          , Xu          , Xu          , Xu          , Xu          , Xu          , Xu          , Gg          , Gg          , Gg          , Gg          , Gg          , Gg          , Gg^Fp       , Gg^Fp       , Gg          , Gd          , Gg          , Wog         , Wog         , Wog         , Xos         , Wog         , Wog         , Wog         , Wog         , Wog         , Xos         , Qxu         
Qxu         , Xos         , Wog         , Wog         , Wog         , Wog         , Wog         , Wog         , Wog         , Wog         , Gd          , Gd          , Gd          , Gd          , Gd          , Gg          , Gg          , Gg          , Gg          , Gg          , Gg          , Gg          , Wwt         , Xu          , Hh          , Mm          , Mm          , Xu          , Xu          , Uu          , Uu          , Uu          , Uu          , Uu          , Xu          , Xu          , Mm          , Mm          , Hh          , Xu          , Wwt         , Gg          , Gg          , Gg          , Gg          , Gg          , Gg          , Gg          , Gd          , Gd          , Gd          , Gd          , Gd          , Wog         , Wog         , Wog         , Wog         , Wog         , Wog         , Wog         , Wog         , Xos         , Qxu         
Qxu         , Xos         , Wog         , Wog         , Wog         , Wog         , Xos         , Wog         , Gd          , Gd          , Gd          , Gd          , Gd          , Gd          , Gd          , Gd          , Gg          , Gg          , Xu          , Gg          , Wwt         , Wwt         , Wwt         , Gg          , Gg          , Hh          , Hh          , Mm          , Xu          , Xu          , Gg          , Uu          , Gg          , Xu          , Xu          , Mm          , Hh          , Hh          , Gg          , Gg          , Wwt         , Wwt         , Wwt         , Gg          , Xu          , Gg          , Gg          , Gd          , Gd          , Gd          , Gd          , Gd          , Gd          , Gd          , Gd          , Wog         , Xos         , Wog         , Wog         , Wog         , Wog         , Xos         , Qxu         
Qxu         , Xos         , Wog         , Wog         , Wog         , Wog         , Xos         , Xos         , Ch          , Gd          , Gd          , Gd          , Gd          , Gd          , Gd          , Gd          , Gg^Fp       , Gg^Fp       , Gg^Fp       , Xu          , Xu          , Wwt         , Wwt         , Gg          , Gg          , Gg          , Gg          , Hh          , Xu          , Xu          , Gg          , Gg          , Gg          , Xu          , Xu          , Hh          , Gg          , Gg          , Gg          , Gg          , Wwt         , Wwt         , Xu          , Xu          , Gg^Fp       , Gg^Fp       , Gg^Fp       , Gd          , Gd          , Gd          , Gd          , Gd          , Gd          , Gd          , Ch          , Xos         , Xos         , Wog         , Wog         , Wog         , Wog         , Xos         , Qxu         
Qxu         , Xos         , Wog         , Wog         , Wog         , Wog         , Xos         , Xos         , Ch          , Gd          , Gd          , Gd          , Gd          , Gd          , Gd          , Gd          , Gg          , Gg^Fp       , Gg^Fp       , Gg^Fp       , Gg^Fp       , Xu          , Xu          , Gg          , Gg          , Gg          , Gg          , Gg          , Wwt         , Xu          , Gg          , Gg          , Gg          , Xu          , Wwt         , Gg          , Gg          , Gg          , Gg          , Gg          , Xu          , Xu          , Gg^Fp       , Gg^Fp       , Gg^Fp       , Gg^Fp       , Gg          , Gd          , Gd          , Gd          , Gd          , Gd          , Gd          , Gd          , Ch          , Xos         , Xos         , Wog         , Wog         , Wog         , Wog         , Xos         , Qxu         
Qxu         , Xos         , Wog         , Wog         , Wog         , Wog         , Xos         , Xos         , Ch          , 5 Kh        , Gd          , Gd          , Gd          , Gd          , Gd          , Gd          , Gg          , Gg          , Gg          , Gg^Fp       , Gg^Fp       , Gg^Fp       , Gg^Fp       , Xu          , Xu          , Gg          , Wwt         , Wwt         , Wwt         , Gg          , Gg          , Gg          , Gg          , Gg          , Wwt         , Wwt         , Wwt         , Gg          , Xu          , Xu          , Gg^Fp       , Gg^Fp       , Gg^Fp       , Gg^Fp       , Gg          , Gg          , Gg          , Gd          , Gd          , Gd          , Gd          , Gd          , Gd          , 3 Kh        , Ch          , Xos         , Xos         , Wog         , Wog         , Wog         , Wog         , Xos         , Qxu         
Qxu         , Xos         , Wog         , Wog         , Wog         , Wog         , Xos         , Xos         , Xos         , Ch          , Ch          , Gd          , Gd          , Gd          , Wog         , Gg          , Gg          , Gg          , Gg          , Gg          , Gg          , Gg^Fp       , Wog         , Wog         , Gg^Fp       , Xu          , Xu          , Wwt         , Wwt         , Gg          , Gg          , Gg          , Gg          , Gg          , Wwt         , Wwt         , Xu          , Xu          , Gg^Fp       , Wog         , Wog         , Gg^Fp       , Gg          , Gg          , Gg          , Gg          , Gg          , Gg          , Wog         , Gd          , Gd          , Gd          , Ch          , Ch          , Xos         , Xos         , Xos         , Wog         , Wog         , Wog         , Wog         , Xos         , Qxu         
Qxu         , Xos         , Wog         , Wog         , Wog         , Wog         , Wog         , Xos         , Xos         , Xos         , Xos         , Gd          , Wog         , Wog         , Wog         , Wog         , Wog         , Gg          , Gg          , Gg          , Wog         , Wog         , Wog         , Wog         , Gg^Fp       , Gg^Fp       , Gg^Fp       , Xu          , Xu          , Gg          , Gg          , Gg          , Gg          , Gg          , Xu          , Xu          , Gg^Fp       , Gg^Fp       , Gg^Fp       , Wog         , Wog         , Wog         , Wog         , Gg          , Gg          , Gg          , Wog         , Wog         , Wog         , Wog         , Wog         , Gd          , Xos         , Xos         , Xos         , Xos         , Wog         , Wog         , Wog         , Wog         , Wog         , Xos         , Qxu         
Qxu         , Xos         , Wog         , Wog         , Wog         , Wog         , Wog         , Wog         , Wog         , Xos         , Xos         , Wog         , Wog         , Wog         , Wog         , Wog         , Wog         , Wog         , Wog         , Wog         , Wog         , Wog         , Wog         , Wog         , Gg          , Gg^Fp       , Gg^Fp       , Gg^Fp       , Gg^Fp       , Xu          , Gg          , Gg          , Gg          , Xu          , Gg^Fp       , Gg^Fp       , Gg^Fp       , Gg^Fp       , Gg          , Wog         , Wog         , Wog         , Wog         , Wog         , Wog         , Wog         , Wog         , Wog         , Wog         , Wog         , Wog         , Wog         , Xos         , Xos         , Wog         , Wog         , Wog         , Wog         , Wog         , Wog         , Wog         , Xos         , Qxu         
Qxu         , Xos         , Xos         , Wog         , Wog         , Wog         , Wog         , Wog         , Wog         , Wog         , Wog         , Wog         , Wog         , Xos         , Xos         , Wog         , Wog         , Wog         , Wog         , Wog         , Wog         , Wog         , Wog         , Wog         , Gg          , Gg          , Gg          , Gg^Fp       , Gg^Fp       , Gg^Fp       , Gg          , Gg          , Gg          , Gg^Fp       , Gg^Fp       , Gg^Fp       , Gg          , Gg          , Gg          , Wog         , Wog         , Wog         , Wog         , Wog         , Wog         , Wog         , Wog         , Wog         , Xos         , Xos         , Wog         , Wog         , Wog         , Wog         , Wog         , Wog         , Wog         , Wog         , Wog         , Wog         , Xos         , Xos         , Qxu         
Qxu         , Qxu         , Qxu         , Xos         , Xos         , Wog         , Wog         , Wog         , Wog         , Wog         , Wog         , Wog         , Wog         , Xos         , Xos         , Xos         , Xos         , Wog         , Wog         , Wog         , Wog         , Wog         , Wog         , Wog         , Gg          , Gg          , Gg          , Gg          , Gg          , Gg^Fp       , Gd          , Gd          , Gd          , Gg^Fp       , Gg          , Gg          , Gg          , Gg          , Gg          , Wog         , Wog         , Wog         , Wog         , Wog         , Wog         , Wog         , Xos         , Xos         , Xos         , Xos         , Wog         , Wog         , Wog         , Wog         , Wog         , Wog         , Wog         , Wog         , Xos         , Xos         , Qxu         , Qxu         , Qxu         
Qxu         , Qxu         , Qxu         , Qxu         , Qxu         , Xos         , Xos         , Wog         , Wog         , Wog         , Wog         , Wog         , Wog         , Wog         , Wog         , Xos         , Xos         , Xos         , Xos         , Wog         , Wog         , Wog         , Wog         , Wog         , Wog         , Gg          , Gg          , Gg          , Gd          , Gd          , Gd          , Gd          , Gd          , Gd          , Gd          , Gg          , Gg          , Gg          , Wog         , Wog         , Wog         , Wog         , Wog         , Wog         , Xos         , Xos         , Xos         , Xos         , Wog         , Wog         , Wog         , Wog         , Wog         , Wog         , Wog         , Wog         , Xos         , Xos         , Qxu         , Qxu         , Qxu         , Qxu         , Qxu         
Qxu         , Qxu         , Qxu         , Qxu         , Qxu         , Qxu         , Qxu         , Xos         , Xos         , Wog         , Wog         , Wog         , Wog         , Wog         , Wog         , Wog         , Wog         , Xos         , Xos         , Xos         , Xos         , Wog         , Wog         , Wog         , Wog         , Wog         , Wog         , Gg          , Gd          , Gd          , Gd          , Gd          , Gd          , Gd          , Gd          , Gg          , Wog         , Wog         , Wog         , Wog         , Wog         , Wog         , Xos         , Xos         , Xos         , Xos         , Wog         , Wog         , Wog         , Wog         , Wog         , Wog         , Wog         , Wog         , Xos         , Xos         , Qxu         , Qxu         , Qxu         , Qxu         , Qxu         , Qxu         , Qxu         
Qxu         , Qxu         , Qxu         , Qxu         , Qxu         , Qxu         , Qxu         , Qxu         , Qxu         , Xos         , Xos         , Wog         , Wog         , Wog         , Wog         , Wog         , Wog         , Wog         , Wog         , Xos         , Xos         , Xos         , Xos         , Wog         , Wog         , Wog         , Wog         , Wog         , Gd          , Gd          , Gd          , Gd          , Gd          , Gd          , Gd          , Wog         , Wog         , Wog         , Wog         , Wog         , Xos         , Xos         , Xos         , Xos         , Wog         , Wog         , Wog         , Wog         , Wog         , Wog         , Wog         , Wog         , Xos         , Xos         , Qxu         , Qxu         , Qxu         , Qxu         , Qxu         , Qxu         , Qxu         , Qxu         , Qxu         
Qxu         , Qxu         , Qxu         , Qxu         , Qxu         , Qxu         , Qxu         , Qxu         , Qxu         , Qxu         , Qxu         , Xos         , Xos         , Wog         , Wog         , Wog         , Wog         , Wog         , Wog         , Wog         , Wog         , Xos         , Xos         , Xos         , Xos         , Wog         , Wog         , Wog         , Gd          , Gd          , Gd          , Gd          , Gd          , Gd          , Gd          , Wog         , Wog         , Wog         , Xos         , Xos         , Xos         , Xos         , Wog         , Wog         , Wog         , Wog         , Wog         , Wog         , Wog         , Wog         , Xos         , Xos         , Qxu         , Qxu         , Qxu         , Qxu         , Qxu         , Qxu         , Qxu         , Qxu         , Qxu         , Qxu         , Qxu         
Qxu         , Qxu         , Qxu         , Qxu         , Qxu         , Qxu         , Qxu         , Qxu         , Qxu         , Qxu         , Qxu         , Qxu         , Qxu         , Xos         , Xos         , Wog         , Wog         , Wog         , Wog         , Wog         , Wog         , Wog         , Wog         , Xos         , Xos         , Xos         , Wog         , Wog         , Gd          , Gd          , Gd          , Gd          , Gd          , Gd          , Gd          , Wog         , Wog         , Xos         , Xos         , Xos         , Wog         , Wog         , Wog         , Wog         , Wog         , Wog         , Wog         , Wog         , Xos         , Xos         , Qxu         , Qxu         , Qxu         , Qxu         , Qxu         , Qxu         , Qxu         , Qxu         , Qxu         , Qxu         , Qxu         , Qxu         , Qxu         
Qxu         , Qxu         , Qxu         , Qxu         , Qxu         , Qxu         , Qxu         , Qxu         , Qxu         , Qxu         , Qxu         , Qxu         , Qxu         , Qxu         , Qxu         , Xos         , Xos         , Wog         , Wog         , Wog         , Wog         , Wog         , Wog         , Wog         , Wog         , Wog         , Wog         , Wog         , Xos         , Ch          , Ch          , 4 Kh        , Ch          , Ch          , Xos         , Wog         , Wog         , Wog         , Wog         , Wog         , Wog         , Wog         , Wog         , Wog         , Wog         , Wog         , Xos         , Xos         , Qxu         , Qxu         , Qxu         , Qxu         , Qxu         , Qxu         , Qxu         , Qxu         , Qxu         , Qxu         , Qxu         , Qxu         , Qxu         , Qxu         , Qxu         
Qxu         , Qxu         , Qxu         , Qxu         , Qxu         , Qxu         , Qxu         , Qxu         , Qxu         , Qxu         , Qxu         , Qxu         , Qxu         , Qxu         , Qxu         , Qxu         , Qxu         , Xos         , Xos         , Wog         , Wog         , Wog         , Wog         , Wog         , Wog         , Wog         , Wog         , Xos         , Xos         , Xos         , Xos         , Ch          , Xos         , Xos         , Xos         , Xos         , Wog         , Wog         , Wog         , Wog         , Wog         , Wog         , Wog         , Wog         , Xos         , Xos         , Qxu         , Qxu         , Qxu         , Qxu         , Qxu         , Qxu         , Qxu         , Qxu         , Qxu         , Qxu         , Qxu         , Qxu         , Qxu         , Qxu         , Qxu         , Qxu         , Qxu         
Qxu         , Qxu         , Qxu         , Qxu         , Qxu         , Qxu         , Qxu         , Qxu         , Qxu         , Qxu         , Qxu         , Qxu         , Qxu         , Qxu         , Qxu         , Qxu         , Qxu         , Qxu         , Qxu         , Xos         , Xos         , Wog         , Wog         , Wog         , Wog         , Wog         , Wog         , Wog         , Wog         , Xos         , Xos         , Xos         , Xos         , Xos         , Wog         , Wog         , Wog         , Wog         , Wog         , Wog         , Wog         , Wog         , Xos         , Xos         , Qxu         , Qxu         , Qxu         , Qxu         , Qxu         , Qxu         , Qxu         , Qxu         , Qxu         , Qxu         , Qxu         , Qxu         , Qxu         , Qxu         , Qxu         , Qxu         , Qxu         , Qxu         , Qxu         
Qxu         , Qxu         , Qxu         , Qxu         , Qxu         , Qxu         , Qxu         , Qxu         , Qxu         , Qxu         , Qxu         , Qxu         , Qxu         , Qxu         , Qxu         , Qxu         , Qxu         , Qxu         , Qxu         , Qxu         , Qxu         , Xos         , Xos         , Wog         , Wog         , Wog         , Wog         , Wog         , Wog         , Wog         , Wog         , Xos         , Wog         , Wog         , Wog         , Wog         , Wog         , Wog         , Wog         , Wog         , Xos         , Xos         , Qxu         , Qxu         , Qxu         , Qxu         , Qxu         , Qxu         , Qxu         , Qxu         , Qxu         , Qxu         , Qxu         , Qxu         , Qxu         , Qxu         , Qxu         , Qxu         , Qxu         , Qxu         , Qxu         , Qxu         , Qxu         
Qxu         , Qxu         , Qxu         , Qxu         , Qxu         , Qxu         , Qxu         , Qxu         , Qxu         , Qxu         , Qxu         , Qxu         , Qxu         , Qxu         , Qxu         , Qxu         , Qxu         , Qxu         , Qxu         , Qxu         , Qxu         , Qxu         , Qxu         , Xos         , Xos         , Wog         , Wog         , Wog         , Wog         , Wog         , Wog         , Wog         , Wog         , Wog         , Wog         , Wog         , Wog         , Wog         , Xos         , Xos         , Qxu         , Qxu         , Qxu         , Qxu         , Qxu         , Qxu         , Qxu         , Qxu         , Qxu         , Qxu         , Qxu         , Qxu         , Qxu         , Qxu         , Qxu         , Qxu         , Qxu         , Qxu         , Qxu         , Qxu         , Qxu         , Qxu         , Qxu         
Qxu         , Qxu         , Qxu         , Qxu         , Qxu         , Qxu         , Qxu         , Qxu         , Qxu         , Qxu         , Qxu         , Qxu         , Qxu         , Qxu         , Qxu         , Qxu         , Qxu         , Qxu         , Qxu         , Qxu         , Qxu         , Qxu         , Qxu         , Qxu         , Qxu         , Xos         , Xos         , Wog         , Wog         , Wog         , Wog         , Wog         , Wog         , Wog         , Wog         , Wog         , Xos         , Xos         , Qxu         , Qxu         , Qxu         , Qxu         , Qxu         , Qxu         , Qxu         , Qxu         , Qxu         , Qxu         , Qxu         , Qxu         , Qxu         , Qxu         , Qxu         , Qxu         , Qxu         , Qxu         , Qxu         , Qxu         , Qxu         , Qxu         , Qxu         , Qxu         , Qxu         
Qxu         , Qxu         , Qxu         , Qxu         , Qxu         , Qxu         , Qxu         , Qxu         , Qxu         , Qxu         , Qxu         , Qxu         , Qxu         , Qxu         , Qxu         , Qxu         , Qxu         , Qxu         , Qxu         , Qxu         , Qxu         , Qxu         , Qxu         , Qxu         , Qxu         , Qxu         , Qxu         , Xos         , Xos         , Wog         , Wog         , Wog         , Wog         , Wog         , Xos         , Xos         , Qxu         , Qxu         , Qxu         , Qxu         , Qxu         , Qxu         , Qxu         , Qxu         , Qxu         , Qxu         , Qxu         , Qxu         , Qxu         , Qxu         , Qxu         , Qxu         , Qxu         , Qxu         , Qxu         , Qxu         , Qxu         , Qxu         , Qxu         , Qxu         , Qxu         , Qxu         , Qxu         
Qxu         , Qxu         , Qxu         , Qxu         , Qxu         , Qxu         , Qxu         , Qxu         , Qxu         , Qxu         , Qxu         , Qxu         , Qxu         , Qxu         , Qxu         , Qxu         , Qxu         , Qxu         , Qxu         , Qxu         , Qxu         , Qxu         , Qxu         , Qxu         , Qxu         , Qxu         , Qxu         , Qxu         , Qxu         , Xos         , Xos         , Wog         , Xos         , Xos         , Qxu         , Qxu         , Qxu         , Qxu         , Qxu         , Qxu         , Qxu         , Qxu         , Qxu         , Qxu         , Qxu         , Qxu         , Qxu         , Qxu         , Qxu         , Qxu         , Qxu         , Qxu         , Qxu         , Qxu         , Qxu         , Qxu         , Qxu         , Qxu         , Qxu         , Qxu         , Qxu         , Qxu         , Qxu         
Qxu         , Qxu         , Qxu         , Qxu         , Qxu         , Qxu         , Qxu         , Qxu         , Qxu         , Qxu         , Qxu         , Qxu         , Qxu         , Qxu         , Qxu         , Qxu         , Qxu         , Qxu         , Qxu         , Qxu         , Qxu         , Qxu         , Qxu         , Qxu         , Qxu         , Qxu         , Qxu         , Qxu         , Qxu         , Qxu         , Qxu         , Xos         , Qxu         , Qxu         , Qxu         , Qxu         , Qxu         , Qxu         , Qxu         , Qxu         , Qxu         , Qxu         , Qxu         , Qxu         , Qxu         , Qxu         , Qxu         , Qxu         , Qxu         , Qxu         , Qxu         , Qxu         , Qxu         , Qxu         , Qxu         , Qxu         , Qxu         , Qxu         , Qxu         , Qxu         , Qxu         , Qxu         , Qxu         
Qxu         , Qxu         , Qxu         , Qxu         , Qxu         , Qxu         , Qxu         , Qxu         , Qxu         , Qxu         , Qxu         , Qxu         , Qxu         , Qxu         , Qxu         , Qxu         , Qxu         , Qxu         , Qxu         , Qxu         , Qxu         , Qxu         , Qxu         , Qxu         , Qxu         , Qxu         , Qxu         , Qxu         , Qxu         , Qxu         , Qxu         , Qxu         , Qxu         , Qxu         , Qxu         , Qxu         , Qxu         , Qxu         , Qxu         , Qxu         , Qxu         , Qxu         , Qxu         , Qxu         , Qxu         , Qxu         , Qxu         , Qxu         , Qxu         , Qxu         , Qxu         , Qxu         , Qxu         , Qxu         , Qxu         , Qxu         , Qxu         , Qxu         , Qxu         , Qxu         , Qxu         , Qxu         , Qxu         
