border_size=1
usage=map

Gs^Ft       , Gs^Ft       , Gs          , Re          , Gs^Ft       , Gg          , Gs^Ft       , Gg          , Gs^Ft       , Gg          , Gs          , Gs          , Gs          , Ds          , Ww          , Ww          , Gg          , Re          , Gg^Fp       , Gg^Fp       , Hh^Fp       , Mm          , Mm          , Mm          , Mm          , Mm          , Mm          , Mm          , Mm          , Hh          , Hh          , Hh          , Mm          , Hh          , Hh          , Hh          , Mm          , Mm          , Mm          , Hh^Fp       , Hh^Fp       , Hh^Fp       , Mm          , Mm          , Mm          , Mm          , Mm          , Mm          , Mm          , Ha^Fpa      , Ha^Fpa      , Aa^Fpa      
Gs^Ft       , Gs^Ft       , Re          , Gs          , Gs^Ft       , Gs^Ft       , Gs^Ft       , Gs^Ft       , Gs^Ft       , Gs          , Gs          , Gs          , Gs          , Ww          , Ww          , Ww          , Gg          , Re          , Gg^Fp       , Gg^Fp       , Hh^Fp       , Mm          , Mm          , Mm          , Hh^Fp       , Mm          , Mm          , Mm          , Mm          , Mm          , Mm          , Mm          , Mm          , Mm          , Mm          , Hh          , Hh          , Mm          , Mm          , Mm          , Mm          , Hh^Fp       , Hh^Fp       , Mm          , Mm          , Mm          , Mm          , Mm          , Hh^Fp       , Ha^Fpa      , Aa^Fpa      , Aa^Fpa      
Gs^Ft       , Re          , Gs          , Gs          , Gs^Ft       , Gs^Ft       , Gs^Ft       , Gs^Ft       , Gs^Ft       , Gs^Ft       , Gs          , Gs          , Gs          , Ww          , Ww          , Ww          , Gg          , Re          , Re          , Gg^Fp       , Gg^Fp       , Hh^Fp       , Hh^Fp       , Hh^Fp       , Mm          , Mm          , Mm          , Mm          , Mm          , Mm          , Mm          , Mm          , Mm          , Mm          , Mm          , Mm          , Mm          , Mm          , Mm          , Mm          , Mm          , Mm          , Mm          , Hh^Fmf      , Hh^Fmf      , Mm          , Hh^Fp       , Hh^Fp       , Gg^Fp       , Gg^Fp       , Aa^Fpa      , Aa^Fpa      
Gg          , Re          , Gs^Ft       , Gs^Ft       , Gs          , Gs^Ft       , Gs          , Gs          , Gs          , Gs          , Gs          , Gs          , Ds          , Ww          , Ww          , Ww          , Gg          , Gg          , Re          , Gg^Fp       , Gg^Fp       , Gg^Fmf      , Gg^Fp       , Gg^Fp       , Hh^Fp       , Mm          , Hh^Fp       , Mm          , Mm          , Mm          , Mm          , Mm          , Mm          , Mm          , Mm          , Mm          , Mm          , Mm          , Mm          , Mm          , Mm          , Mm          , Mm          , Mm          , Mm          , Hh^Fp       , Gg^Fp       , Gg^Fp       , Gg          , Gd          , Gg          , Aa          
Gg          , Re          , Re          , Gs          , Gs          , Gg          , Gs          , Gs          , Gs          , Gs          , Ww          , Gs          , Ww          , Ww          , Ds          , Gg          , Gg          , Gg          , Re          , Gg          , Gg^Fp       , Gg^Fmf      , Hh^Fp       , Hh^Fp       , Mm          , Mm          , Mm          , Hh^Fp       , Mm          , Mm          , Mm          , Mm          , Mm          , Mm          , Mm          , Mm          , Mm          , Mm          , Mm          , Mm          , Mm          , Mm          , Hh^Fp       , Mm          , Hh^Fp       , Hh^Fp       , Gg^Fp       , Gg^Fp       , Gd          , Gg          , Re          , Re          
Re          , Re          , Gs^Ft       , Re          , Gs          , Gs          , Ds          , Ds          , Ds          , Ww          , Ds          , Ww          , Ww          , Ds          , Gg          , Gg          , Gg          , Re          , Gg^Uf       , Gg          , Gg^Fp       , Gg^Fp       , Hh^Fp       , Hh^Fp       , Mm          , Mm          , Mm          , Mm          , Wog         , Mm          , Mm          , Mm          , Hh^Fp       , Mm          , Hh^Fmf      , Hh^Fp       , Hh^Fp       , Mm          , Mm          , Hh^Fmf      , Hh^Fp       , Hh^Fp       , Gg^Fp       , Hh^Fp       , Gg^Fmf      , Gg^Fp       , Gg^Fp       , Gd          , Re          , Re          , Aa          , Aa          
Gs^Ft       , Gs^Ft       , Gg          , Re          , Gs          , Ds          , Ww          , Ww          , Ww          , Ww          , Ww          , Ds          , Ww          , Ds          , Gg          , Gg          , Re          , Re          , Gg          , Gg          , Gg^Fp       , Gg^Fp       , Hh^Fp       , Mm          , Mm          , Mm          , Mm          , Mm          , Wog         , Wog         , Mm          , Mm          , Mm          , Hh^Fmf      , Mm          , Mm          , Mm          , Hh^Fp       , Mm          , Mm          , Mm          , Hh^Fp       , Gg^Fp       , Gg^Fmf      , Gg^Fmf      , Gg^Fp       , Re          , Gd          , Gg          , Gg          , Aa^Fpa      , Aa          
Gs^Ft       , Gs^Ft       , Ds          , Re          , Ds          , Ds          , Ww          , Ww          , Ww          , Ww          , Ww          , Ww          , Gg          , Gg          , Gg          , Gg          , Re          , Gg          , Gg          , Gg          , Hh^Fp       , Hh^Fp       , Mm          , Mm          , Mm          , Mm          , Mm          , Mm          , Wog         , Mm          , Mm          , Mm          , Mm          , Mm          , Hh          , Mm          , Mm          , Mm          , Mm          , Mm          , Mm          , Hh^Fp       , Gg^Fp       , Gg^Fmf      , Gg^Fp       , Gd          , Gd          , Gg          , Gg^Fp       , Gd          , Aa^Fpa      , Aa^Fpa      
Gg          , Gs^Ft       , Ds          , Ww          , Ww          , Ww          , Ww          , Ww          , Ww          , Gg          , Gg          , Gg          , Gg          , Gg          , Re          , Re          , Gg          , Gg          , Gg          , Gg^Fp       , Hh^Fp       , Mm          , Mm          , Mm          , Mm          , Mm          , Mm          , Mm          , Wog         , Wog         , Mm          , Hh^Fp       , Hh^Fp       , Mm          , Mm          , Hh^Fp       , Hh^Fp       , Mm          , Mm          , Hh^Fp       , Hh^Fp       , Hh^Fp       , Gg^Fp       , Gg^Fp       , Gg^Fp       , Re          , Gg          , Gg          , Gg^Fp       , Gg^Fp       , Gg^Fp       , Aa^Fpa      
Ds          , Ds          , Ds          , Ds          , Ww          , Ww          , Ww          , Ww          , Gg          , Gg          , Re          , Gg          , Re          , Re          , Gg          , Gg          , Gg          , Gg          , Gg          , Gg^Fp       , Gg^Fp       , Hh^Fp       , Hh^Fp       , Mm          , Mm          , Mm          , Mm          , Mm          , Mm          , Wog         , Wog         , Hh^Fp       , Hh^Fp       , Hh          , Hh          , Hh          , Mm          , Mm          , Mm          , Mm          , Hh^Fp       , Gg^Fp       , Gg^Fp       , Gg^Fp       , Gg          , Re          , Gd          , Gg          , Gg          , Gg^Fp       , Gg^Fp       , Gg^Fp       
Ds          , Ds          , Ds          , Ww          , Ww          , Re          , Re          , Gg          , Re          , Re          , Gg          , Re          , Gg          , Gg          , Gg          , Gg          , Gg          , Gg          , Gg          , Gg          , Gg^Fp       , Gg^Fp       , Gll^Fmf     , Hh^Fp       , Gg^Fp       , Gg^Fp       , Mm          , Mm          , Mm          , Mm          , Mm          , Wog         , Hh^Fp       , Hh          , Mm          , Mm          , Mm          , Mm          , Hh^Fp       , Hh^Fp       , Gg^Fp       , Gg^Fp       , Gg          , Gg          , Gd          , Re          , Gg          , Gd          , Gg          , Gg^Fp       , Gg^Fp       , Gg^Fp       
Gg          , Ds          , Ds          , Ww          , Ww          , Gg          , Gg          , Re          , Re          , Gg          , Gg          , Gg          , Gg          , Gg          , Gg          , Gg          , Gg          , Gg          , Gg          , Gg          , Gg          , Gg          , Gg          , Gg^Fp       , Gg^Fp       , Gg^Fp       , Gg^Fp       , Mm          , Mm          , Mm          , Mm          , Wog         , Hh^Fp       , Mm          , Mm          , Mm          , Hh^Fp       , Hh^Fp       , Gg^Fp       , Gg^Fp       , Gg^Fp       , Gg          , Gg          , Gg          , Gd          , Re          , Re          , Gd          , Gg          , Gg^Fp       , Gg^Fp       , Gg^Fp       
Ds          , Ds          , Ds          , Ww          , Gs          , Gs          , Gg          , Gg          , Re          , Gg^Uf       , Gg          , Gg          , Gg          , Gd          , Gd          , Gd          , Gg          , Gg          , Gg          , Gg          , Gg          , Gg          , Gg          , Gg          , Gg          , Gg^Fp       , Gg^Fp       , Gg^Fp       , Mm          , Mm          , Wog         , Wog         , Hh^Fp       , Hh^Fp       , Hh^Fp       , Hh^Fp       , Gg^Fp       , Gg^Fp       , Gg^Fp       , Gg^Fp       , Gg          , Gg          , Gd          , Gd          , Re          , Re          , Gg          , Gg          , Gd          , Gd          , Gg^Fp       , Gg^Fp       
Ds          , Ds          , Ww          , Ww          , Re          , Re          , Re          , Re          , Gg          , Re          , Gg          , Gg          , Gd          , Gd          , Gg          , Gd          , Gg          , Gg          , Gg          , Gg          , Gg          , Gg          , Gg          , Gg          , Gg          , Gg          , Wog         , Wog         , Wog         , Wog         , Gg^Fp       , Hh^Fp       , Gg^Fp       , Gg^Fp       , Gg^Fp       , Gg^Fp       , Gg^Fp       , Gg^Fp       , Gd          , Gg          , Gg          , Gg          , Re          , Re          , Gg          , Gg          , Gg          , Gg          , Gd          , Gd          , Gg          , Gg^Fp       
Gg          , Gs          , Re          , Ww          , Ss          , Gg          , Gg          , Gg          , Gg          , Re          , Gg          , Gg          , Gg          , Gg          , Gg          , Gd          , Gd          , Gg          , Gg          , Gg          , Gg          , Gg          , Gg          , Gg          , Gg          , Wog         , Gg          , Gg          , Gg          , Gg          , Gg^Fp       , Gg^Fp       , Gg          , Gg          , Gg          , Gg          , Gg          , Gd          , Gg          , Gg          , Gg          , Gg          , Gd          , Re          , Gg          , Gg          , Gg          , Gd          , Gg          , Gd          , Gd          , Gg          
Gg          , Re          , Gs          , Gs          , Ss          , Gg          , Gg          , Gg          , Gg          , Re          , Gg          , Gg          , Ce          , Gg          , Gg          , Gg          , Gd          , Gg^Uf       , Gd          , Gg          , Gd          , Gg          , Gg          , Gg          , Gg          , Wog         , Gg          , Gg          , Gg          , Gg          , Gg          , Gg          , Gg          , Gg          , Gg          , Gg          , Gg          , Gg          , Gg          , Gg          , Gg          , Gg          , Re          , Gg          , Gg          , Gg          , Gg          , Gd          , Gg          , Gd          , Gd          , Gg^Fp       
Gg          , Re          , Gs          , Ss          , Gs          , Ww          , Gg          , Gg          , Gg          , Re          , Ce          , Ce          , Ce          , Ce          , Ce          , Gg          , Gg          , Gd          , Gg          , Gd          , Gg          , Gd          , Gg          , Gg          , Gg          , Wog         , Wog         , Gg          , Gg          , Gg          , Gd          , Gd          , Gd          , Gg          , Gg          , Gg          , Gd          , Gd          , Gg          , Gg^Uf       , Gg          , Gg          , Re          , Gg          , Gg          , Gg          , Gg          , Gg          , Gg          , Gd          , Gd^Fp       , Gg^Fp       
Re          , Re          , Ds          , Ww          , Ww          , Ww          , Gg          , Gg          , Gg          , Re          , Gg          , 2 Ket       , Ce          , Ket         , Re          , Gg          , Gg          , Gg          , Gg          , Gg          , Gg          , Gg          , Gg          , Gg          , Gg          , Gg          , Gg          , Wog         , Gg          , Gg          , Gg          , Gg          , Gg          , Gg          , Gg          , Gg          , Gd          , Gg          , Gg          , Gg          , Gg          , Gg          , Gg          , Re          , Gd          , Gd          , Gg          , Gg          , Gg^Fp       , Gg^Fp       , Gd^Fp       , Gg^Fp       
Gs          , Gs          , Ds          , Ww          , Ww          , Ww          , Gg          , Gg          , Gg          , Re          , Gg          , Ce          , Ce          , Ce          , Gg          , Gg          , Gg          , Gg          , Gg          , Gg          , Gg          , Gg          , Gg          , Gg          , Gg          , Gg          , Wog         , Wog         , Wog         , Gg          , Gg          , Gg          , Gg          , Gg          , Gg          , Gg          , Gg          , Gd          , Gd          , Gg          , Gd          , Gg          , Gd          , Re          , Gd          , Gd          , Gd          , Gg          , Gg          , Gg^Fp       , Gd^Fp       , Gg^Fp       
Ds          , Ds          , Ds          , Ww          , Ww          , Ww          , Gg          , Gg          , Gg          , Re          , Gg          , Gg          , Gg          , Re          , Gg          , Gg          , Gg          , Gg          , Gg          , Gg          , Ww          , Gg          , Ww          , Ww          , Ww          , Ww          , Wog         , Wog         , Wog         , Ww          , Ww          , Ww          , Ww          , Gg          , Gg          , Gg          , Gg          , Gg          , Gg          , Gd          , Gg          , Gd          , Gg          , Re          , Gg          , Gd          , Gg          , Gd          , Gg          , Gg^Fp       , Gg^Fp       , Gg^Fp       
Ww          , Ww          , Ww          , Ww          , Gg          , Gg          , Gg          , Gg          , Gg          , Gg          , Re          , Re          , Gg          , Gg          , Ww          , Ww          , Ww          , Ww          , Wog         , Ww          , Wog         , Ww          , Wog         , Wog         , Wog         , Wog         , Wog         , Wog         , Wog         , Wog         , Rb          , Ww          , Ww          , Gg          , Gg          , Gg          , Gg          , Gg          , Gg          , Gg          , Gg          , Gg          , Gg          , Gd          , Gg          , Gd          , Gd          , Gd          , Gg          , Gg^Fp       , Gg^Fp       , Gg^Fp       
Gg          , Ww          , Gg          , Gg          , Gg^Uf       , Gg          , Gg          , Gg          , Gg          , Re          , Gg          , Gg          , Gg          , Gg          , Ww          , Ww          , Wog         , Wog         , Wog         , Wog         , Wog         , Wog         , Wog         , Wog         , Wog         , Wog         , Wog         , Wog         , Ww          , Rb          , Rb          , Wo          , Gg          , Gg          , Gg          , Gg          , Gg          , Gg          , Gg          , Gg          , Gg          , Gg          , Re          , Re          , Gd          , Gd          , Gg          , Gg          , Gg          , Gg          , Gg^Fp       , Gg^Fp       
Gg          , Gg          , Gg          , Gg          , Gg          , Gg          , Re          , Re          , Re          , Gg          , Gg          , Gg          , Ww          , Ww          , Wog         , Wog         , Wog         , Wog         , Wog         , Wog         , Wog         , Wog         , Rb          , Wog         , Wog         , Wog         , Ww          , Ww          , Rb          , Rb          , Ww          , Ww          , Ww          , Gg          , Gg          , Gg          , Gg          , Gg          , Ww          , Gg          , Gg          , Gg          , Re          , Gg          , Gg          , Gg          , Gg          , Gg          , Gg          , Gg          , Gg          , Gg^Fp       
Gg          , Gg          , Gg          , Gg          , Gg          , Gg          , Re          , Gg          , Gg          , Gg          , Gg          , Ww          , Ww          , Ww          , Ww          , Wog         , Wog         , Wog         , Wog         , Wog         , Wog         , Rb          , Gs          , Ds          , Ds          , Ww          , Ww          , Rb          , Rb          , Rb          , Rb          , Ww          , Rb          , Wog         , Wog         , Gg          , Wog         , Ww          , Ww          , Gg          , Gg          , Gg          , Re          , Gg          , Gg          , Gg          , Gd          , Gg          , Gg          , Gg          , Gg          , Gg          
Gg          , Gg          , Gg          , Gg          , Gg          , Re          , Gg          , Gg          , Gg          , Gg          , Gg          , Ww          , Gg          , Ww          , Ww          , Ww          , Wog         , Wog         , Wog         , Wog         , Ds          , Ds          , Gs          , Gs^Ft       , Ds          , Ds          , Wog         , Wog         , Wog         , Wog         , Wog         , Wog         , Wog         , Wog         , Wog         , Wog         , Wog         , Ww          , Gg          , Gg          , Gg          , Gg          , Re          , Re          , Gg          , Gg          , Gd          , Gd          , Gg          , Gg          , Gg          , Gg          
Gg          , Gg          , Gg          , Gg          , Gg          , Re          , Gg          , Gg          , Gg          , Gg          , Gg          , Gg          , Gg          , Gg          , Ww          , Ww          , Wog         , Wog         , Wog         , Wog         , Ds          , Rb          , Gs^Ft       , Rb          , Wog         , Wog         , Wog         , Wog         , Wog         , Wog         , Wog         , Wog         , Wog         , Wog         , Wog         , Wog         , Wog         , Ww          , Gg          , Gg          , Gg          , Gg          , Gg          , Re          , Gg          , Gd          , Gd          , Gd          , Gg          , Gg          , Gg          , Gg          
Gg          , Gg          , Gg          , Gg          , Gg          , Re          , Gg          , Gg          , Gg          , Gg          , Gg          , Gg          , Gg          , Gg          , Ww          , Wog         , Wog         , Wog         , Wog         , Wog         , Wog         , Gs          , Ds          , Wog         , Wog         , Wog         , Wog         , Wog         , Wog         , Wog         , Wog         , Wog         , Wog         , Wog         , Ww          , Ww          , Ww          , Gg          , Gg          , Gg          , Gg          , Gg          , Gg          , Re          , Gg          , Gg          , Gg          , Gd          , Gg          , Gg          , Gg          , Gg          
Gg          , Gg          , Gg          , Gg          , Gg          , Gg          , Gg          , Gg          , Gg          , Gg          , Gg          , Gg          , Gg          , Gg          , Ww          , Ww          , Wog         , Wog         , Wog         , Wog         , Wog         , Wog         , Wog         , Wog         , Wog         , Wog         , Wog         , Wog         , Wog         , Wog         , Wog         , Wog         , Wog         , Wog         , Ww          , Gg          , Ww          , Gg          , Gg          , Gg          , Gg          , Gg          , Gg          , Re          , Gg          , Gg          , Gg          , Gd          , Gg          , Gg          , Gg          , Gg          
Gg          , Gg          , Hh          , Hh          , Hh          , Hh          , Hh          , Re          , Re          , Gg          , Gg          , Gg          , Gg          , Gg          , Gg          , Ww          , Ww          , Wog         , Wog         , Wog         , Wog         , Wog         , Wog         , Wog         , Wog         , Wog         , Wog         , Wog         , Wog         , Wog         , Wog         , Wog         , Ww          , Ww          , Gg          , Gg          , Gg          , Gg          , Gg          , Gg          , Gg          , Gg          , Gg          , Re          , Gg          , Gg          , Gg          , Gg          , Gg          , Gg          , Gg          , Gg          
Hh          , Hh          , Hh          , Hh          , Xu          , Hh          , Hh          , Hh          , Hh          , Re          , Gg          , Gg          , Gg          , Gg          , Gg^Uf       , Gg          , Ww          , Wog         , Wog         , Wog         , Wog         , Wog         , Wog         , Wog         , Ww          , Ww          , Ww          , Wog         , Wog         , Wog         , Ww          , Wog         , Ww          , Ww          , Gg          , Gg          , Gg          , Gg          , Gg          , Gg          , Gg          , Gg          , Gd          , Gd          , Gd          , Gg          , Gg          , Gg          , Gg          , Gg          , Gg          , Gg          
Hh          , Hh          , Xu          , Xu          , Uu^Emf      , Xu          , Xu          , Hh          , Hh          , Re          , Re          , Gg          , Gg          , Gg          , Gg          , Gg          , Ww          , Ww          , Wog         , Wog         , Wog         , Wog         , Ww          , Ww          , Gg          , Ww          , Gg          , Ww          , Ww          , Ww          , Ww          , Ww          , Ww          , Gg          , Gg          , Gg          , Gg^Uf       , Gg          , Gg          , Gg          , Gd          , Gd          , Gd          , Gd          , Re          , Gg          , Gg          , Gg          , Gg          , Gg          , Gg          , Gg          
Hh          , Xu          , Uu^Emf      , Uu^Emf      , Uu^Emf      , Uu          , Uu          , Xu          , Xu          , Hh          , Hh          , Re          , Re          , Gg          , Gg          , Gg          , Ww          , Wog         , Wog         , Wog         , Wog         , Wog         , Ww          , Ww          , Gg          , Gg          , Gg          , Gg          , Gg          , Gg          , Gg          , Gg          , Gg          , Gg          , Gg          , Gg          , Gg          , Gg          , Gg          , Gd          , Gg          , Gd          , Gg          , Gd          , Re          , Gg          , Gg          , Gg          , Gg          , Gg          , Gg          , Gg          
Hh          , Xu          , Xu          , Uh          , Uu          , Uh          , Uu          , Uu          , Uu          , Xu          , Xu          , Xu          , Ur          , Gg          , Gg          , Gg          , Wog         , Wog         , Wog         , Wog         , Wog         , Wog         , Ww          , Gg          , Gg          , Gg          , Gg          , Gg          , Gg          , Gg          , Gg          , Gg          , Gg          , Gg          , Gg          , Gg          , Gg          , Gg          , Gg          , Gg          , Gg          , Gg          , Re          , Gg          , Re          , Gg          , Gg          , Gg          , Gg          , Gg          , Gg          , Gg          
Hh          , Hh          , Xu          , Uu          , Uu          , Uu          , Uh          , Uu          , Uu          , Uu          , Uu          , Uu          , Ur          , Xu          , Wwg         , Wwg         , Wog         , Wog         , Wog         , Wog         , Wog         , Ww          , Gg          , Gg          , Gg^Uf       , Gg          , Gg          , Gg          , Re          , Re          , Re          , Gg          , Re          , Gg          , Gg          , Gg          , Gg          , Gg          , Gg          , Gg          , Gg          , Gg          , Re          , Gg          , Gg          , Gg          , Gg          , Gg          , Gg          , Gg          , Gg          , Gg          
Xu          , Xu          , Xu          , Uu          , Uu          , Uu          , Uu          , Uu          , Uu          , Uu          , Uh          , Uu          , Ur          , Xu          , Xu          , Wog         , Wog         , Wog         , Wog         , Wog         , Wog         , Ww          , Ww          , Gg          , Gg          , Gg          , Rr          , Re          , Gg          , Gg          , Gg          , Re          , Gg          , Rr          , Rr          , Rr          , Rr          , Rr          , Rr          , Gg          , Re          , Re          , Gg^Uf       , Gg          , Gg          , Gg          , Gg          , Gg          , Gg          , Gg          , Gg          , Gg          
Xu          , Xu          , Uu^Emf      , Uu          , Uu          , Uu          , Xu          , Uu          , Uu          , Uu          , Uh          , Ur          , Cud         , Cud         , Cud         , Xu          , Wog         , Wog         , Wog         , Wog         , Xu          , Wog         , Ww          , Gg          , Gg          , Re          , Gg          , Gg          , Gg          , Gg          , Gg          , Gg          , Gg          , Gg          , Gg          , Gg          , Gg          , Gg          , Gg          , Re          , Gg          , Re          , Re          , Gg          , Gg          , Gg          , Gg          , Gg          , Gg          , Gg          , Gg          , Gg          
Xu          , Xu          , Xu          , Xu          , Uu^Emf      , Uu^Emf      , Xu          , Uh          , Uu          , Uu          , Uu          , Ur          , Uh          , Cud         , Ww          , Wog         , Cud         , Xu          , Xu          , Xu          , Uu          , Xu          , Xu          , Gg          , Uu          , Rr          , Uu          , Xu          , Xu          , Gg          , Gg          , Gg          , Gg          , Gg          , Gg^Uf       , Gg          , Gg          , Gg          , Gg          , Gg          , Gg          , Gg          , Gg          , Rr          , Rr          , Gg          , Gg          , Gg          , Gg          , Gg          , Gg          , Gg          
Uh          , Xu          , Xu          , Xu          , Xu          , Uu^Emf      , Xu          , Uu          , Uu          , Uu          , Uu          , Ur          , Uh          , Uh          , Ww          , Cud         , Cud         , Cud         , Uu          , Uu          , Uu          , Uu          , Uu          , Xu          , Uu          , Ur          , Uu          , Uu          , Uu          , Xu          , Hh          , Gg          , Gg          , Gg          , Gg^Fp       , Gg          , Gg          , Gg          , Mm          , Hh          , Gg          , Gg          , Gg^Fp       , Gg          , Gg          , Rr          , Rr          , Gg          , Ch          , Gg          , Gg          , Gg          
Xu          , Uu          , Xu          , Xu          , Xu          , Xu          , Xu          , Uu          , Uh          , Uh          , Uu          , Ur          , Xuc         , Xuc         , Ww          , Xuc         , Xu          , Xu          , Xuc         , Uu          , Xuc         , Uu          , Uu          , Uu          , Uu          , Ur          , Uu          , Uu          , Xu          , Xu          , Hh          , Gg          , Hh          , Gg^Fp       , Hh^Fp       , Hh^Fp       , Hh          , Gg          , Gg          , Gg          , Gg          , Gg^Fp       , Hh^Fp       , Gg          , Gg          , Gg          , Ch          , Ch          , 1 Kh        , Ch          , Ch          , Gg          
Xu          , Uh          , Uh          , Xu          , Xu          , Xu          , Xu          , Xu          , Uh          , Uu          , Xuc         , Uu          , Ww          , Ww          , Ur          , Uh          , Uh          , Xu          , Xuc         , Xuc         , Xuc         , Uu          , Uu          , Uu          , Uu          , Uu          , Uu          , Uu          , Xu          , Md          , Hh          , Md          , Md          , Hh          , Hh          , Gg^Fp       , Gg          , Gg          , Gg          , Gg          , Hh          , Gg          , Gg          , Gg          , Gg          , Gg          , Gg          , Ch          , Gg          , Ch          , Gg          , Gg          
Ur          , Ur          , Ur          , Ur          , Xu          , Xu          , Xu          , Xu          , Xu          , Uh          , Xuc         , Uh          , Ww          , Uu          , Uu          , Ur          , Ur          , Ur          , Uu          , Ur          , Uu          , Ur          , Ur          , Ur          , Uu          , Uu          , Uu          , Uu          , Uu          , Xu          , Hh          , Hh          , Hh          , Hh          , Gg          , Gg          , Gg          , Gg          , Gg          , Gg          , Gg          , Gg          , Hh          , Gg          , Gg          , Gg          , Gg          , Gg          , Gg          , Gg          , Gg          , Gg          
Uh          , Uh          , Ur          , Ur          , Xu          , Xu          , Xu          , Xu          , Xuc         , Xuc         , Xuc         , Xuc         , Ww          , Uh          , Uh          , Uh          , Uh          , Uh          , Uh          , Uh          , Uu          , Uu          , Uu          , Uu          , Uu          , Uu          , Uu          , Uu          , Xu          , Xu          , Hh          , Hh          , Gg          , Hh          , Hh          , Gg          , Hh          , Gg          , Gg          , Gg          , Gg          , Gg          , Gg          , Gg          , Gg          , Gg          , Gg          , Gg          , Gg          , Gg          , Gg          , Gg          
